Archive member included to satisfy reference by file (symbol)

c:/st/stm32cubeide_1.4.0/stm32cubeide/plugins/com.st.stm32cube.ide.mcu.externaltools.gnu-tools-for-stm32.7-2018-q2-update.win32_1.4.0.202007081208/tools/bin/../lib/gcc/arm-none-eabi/7.3.1/../../../../arm-none-eabi/lib/thumb/v7e-m/fpv4-sp/hard\libc_nano.a(lib_a-errno.o)
                              Core/Src/syscalls.o (__errno)
c:/st/stm32cubeide_1.4.0/stm32cubeide/plugins/com.st.stm32cube.ide.mcu.externaltools.gnu-tools-for-stm32.7-2018-q2-update.win32_1.4.0.202007081208/tools/bin/../lib/gcc/arm-none-eabi/7.3.1/../../../../arm-none-eabi/lib/thumb/v7e-m/fpv4-sp/hard\libc_nano.a(lib_a-exit.o)
                              c:/st/stm32cubeide_1.4.0/stm32cubeide/plugins/com.st.stm32cube.ide.mcu.externaltools.gnu-tools-for-stm32.7-2018-q2-update.win32_1.4.0.202007081208/tools/bin/../lib/gcc/arm-none-eabi/7.3.1/../../../../arm-none-eabi/lib/thumb/v7e-m/fpv4-sp/hard/crt0.o (exit)
c:/st/stm32cubeide_1.4.0/stm32cubeide/plugins/com.st.stm32cube.ide.mcu.externaltools.gnu-tools-for-stm32.7-2018-q2-update.win32_1.4.0.202007081208/tools/bin/../lib/gcc/arm-none-eabi/7.3.1/../../../../arm-none-eabi/lib/thumb/v7e-m/fpv4-sp/hard\libc_nano.a(lib_a-impure.o)
                              c:/st/stm32cubeide_1.4.0/stm32cubeide/plugins/com.st.stm32cube.ide.mcu.externaltools.gnu-tools-for-stm32.7-2018-q2-update.win32_1.4.0.202007081208/tools/bin/../lib/gcc/arm-none-eabi/7.3.1/../../../../arm-none-eabi/lib/thumb/v7e-m/fpv4-sp/hard\libc_nano.a(lib_a-exit.o) (_global_impure_ptr)
c:/st/stm32cubeide_1.4.0/stm32cubeide/plugins/com.st.stm32cube.ide.mcu.externaltools.gnu-tools-for-stm32.7-2018-q2-update.win32_1.4.0.202007081208/tools/bin/../lib/gcc/arm-none-eabi/7.3.1/../../../../arm-none-eabi/lib/thumb/v7e-m/fpv4-sp/hard\libc_nano.a(lib_a-init.o)
                              c:/st/stm32cubeide_1.4.0/stm32cubeide/plugins/com.st.stm32cube.ide.mcu.externaltools.gnu-tools-for-stm32.7-2018-q2-update.win32_1.4.0.202007081208/tools/bin/../lib/gcc/arm-none-eabi/7.3.1/../../../../arm-none-eabi/lib/thumb/v7e-m/fpv4-sp/hard/crt0.o (__libc_init_array)
c:/st/stm32cubeide_1.4.0/stm32cubeide/plugins/com.st.stm32cube.ide.mcu.externaltools.gnu-tools-for-stm32.7-2018-q2-update.win32_1.4.0.202007081208/tools/bin/../lib/gcc/arm-none-eabi/7.3.1/../../../../arm-none-eabi/lib/thumb/v7e-m/fpv4-sp/hard\libc_nano.a(lib_a-memset.o)
                              c:/st/stm32cubeide_1.4.0/stm32cubeide/plugins/com.st.stm32cube.ide.mcu.externaltools.gnu-tools-for-stm32.7-2018-q2-update.win32_1.4.0.202007081208/tools/bin/../lib/gcc/arm-none-eabi/7.3.1/../../../../arm-none-eabi/lib/thumb/v7e-m/fpv4-sp/hard/crt0.o (memset)

Discarded input sections

 .text          0x0000000000000000        0x0 c:/st/stm32cubeide_1.4.0/stm32cubeide/plugins/com.st.stm32cube.ide.mcu.externaltools.gnu-tools-for-stm32.7-2018-q2-update.win32_1.4.0.202007081208/tools/bin/../lib/gcc/arm-none-eabi/7.3.1/thumb/v7e-m/fpv4-sp/hard/crti.o
 .data          0x0000000000000000        0x0 c:/st/stm32cubeide_1.4.0/stm32cubeide/plugins/com.st.stm32cube.ide.mcu.externaltools.gnu-tools-for-stm32.7-2018-q2-update.win32_1.4.0.202007081208/tools/bin/../lib/gcc/arm-none-eabi/7.3.1/thumb/v7e-m/fpv4-sp/hard/crti.o
 .bss           0x0000000000000000        0x0 c:/st/stm32cubeide_1.4.0/stm32cubeide/plugins/com.st.stm32cube.ide.mcu.externaltools.gnu-tools-for-stm32.7-2018-q2-update.win32_1.4.0.202007081208/tools/bin/../lib/gcc/arm-none-eabi/7.3.1/thumb/v7e-m/fpv4-sp/hard/crti.o
 .data          0x0000000000000000        0x4 c:/st/stm32cubeide_1.4.0/stm32cubeide/plugins/com.st.stm32cube.ide.mcu.externaltools.gnu-tools-for-stm32.7-2018-q2-update.win32_1.4.0.202007081208/tools/bin/../lib/gcc/arm-none-eabi/7.3.1/thumb/v7e-m/fpv4-sp/hard/crtbegin.o
 .text          0x0000000000000000       0x74 c:/st/stm32cubeide_1.4.0/stm32cubeide/plugins/com.st.stm32cube.ide.mcu.externaltools.gnu-tools-for-stm32.7-2018-q2-update.win32_1.4.0.202007081208/tools/bin/../lib/gcc/arm-none-eabi/7.3.1/../../../../arm-none-eabi/lib/thumb/v7e-m/fpv4-sp/hard/crt0.o
 .data          0x0000000000000000        0x0 c:/st/stm32cubeide_1.4.0/stm32cubeide/plugins/com.st.stm32cube.ide.mcu.externaltools.gnu-tools-for-stm32.7-2018-q2-update.win32_1.4.0.202007081208/tools/bin/../lib/gcc/arm-none-eabi/7.3.1/../../../../arm-none-eabi/lib/thumb/v7e-m/fpv4-sp/hard/crt0.o
 .bss           0x0000000000000000        0x0 c:/st/stm32cubeide_1.4.0/stm32cubeide/plugins/com.st.stm32cube.ide.mcu.externaltools.gnu-tools-for-stm32.7-2018-q2-update.win32_1.4.0.202007081208/tools/bin/../lib/gcc/arm-none-eabi/7.3.1/../../../../arm-none-eabi/lib/thumb/v7e-m/fpv4-sp/hard/crt0.o
 .ARM.extab     0x0000000000000000        0x0 c:/st/stm32cubeide_1.4.0/stm32cubeide/plugins/com.st.stm32cube.ide.mcu.externaltools.gnu-tools-for-stm32.7-2018-q2-update.win32_1.4.0.202007081208/tools/bin/../lib/gcc/arm-none-eabi/7.3.1/../../../../arm-none-eabi/lib/thumb/v7e-m/fpv4-sp/hard/crt0.o
 .ARM.exidx     0x0000000000000000        0x8 c:/st/stm32cubeide_1.4.0/stm32cubeide/plugins/com.st.stm32cube.ide.mcu.externaltools.gnu-tools-for-stm32.7-2018-q2-update.win32_1.4.0.202007081208/tools/bin/../lib/gcc/arm-none-eabi/7.3.1/../../../../arm-none-eabi/lib/thumb/v7e-m/fpv4-sp/hard/crt0.o
 .ARM.attributes
                0x0000000000000000       0x20 c:/st/stm32cubeide_1.4.0/stm32cubeide/plugins/com.st.stm32cube.ide.mcu.externaltools.gnu-tools-for-stm32.7-2018-q2-update.win32_1.4.0.202007081208/tools/bin/../lib/gcc/arm-none-eabi/7.3.1/../../../../arm-none-eabi/lib/thumb/v7e-m/fpv4-sp/hard/crt0.o
 .group         0x0000000000000000        0xc Core/Src/gpio.o
 .group         0x0000000000000000        0xc Core/Src/gpio.o
 .group         0x0000000000000000        0xc Core/Src/gpio.o
 .group         0x0000000000000000        0xc Core/Src/gpio.o
 .group         0x0000000000000000        0xc Core/Src/gpio.o
 .group         0x0000000000000000        0xc Core/Src/gpio.o
 .group         0x0000000000000000        0xc Core/Src/gpio.o
 .group         0x0000000000000000        0xc Core/Src/gpio.o
 .group         0x0000000000000000        0xc Core/Src/gpio.o
 .group         0x0000000000000000        0xc Core/Src/gpio.o
 .group         0x0000000000000000        0xc Core/Src/gpio.o
 .group         0x0000000000000000        0xc Core/Src/gpio.o
 .group         0x0000000000000000        0xc Core/Src/gpio.o
 .group         0x0000000000000000        0xc Core/Src/gpio.o
 .group         0x0000000000000000        0xc Core/Src/gpio.o
 .group         0x0000000000000000        0xc Core/Src/gpio.o
 .group         0x0000000000000000        0xc Core/Src/gpio.o
 .group         0x0000000000000000        0xc Core/Src/gpio.o
 .text          0x0000000000000000        0x0 Core/Src/gpio.o
 .data          0x0000000000000000        0x0 Core/Src/gpio.o
 .bss           0x0000000000000000        0x0 Core/Src/gpio.o
 .group         0x0000000000000000        0xc Core/Src/main.o
 .group         0x0000000000000000        0xc Core/Src/main.o
 .group         0x0000000000000000        0xc Core/Src/main.o
 .group         0x0000000000000000        0xc Core/Src/main.o
 .group         0x0000000000000000        0xc Core/Src/main.o
 .group         0x0000000000000000        0xc Core/Src/main.o
 .group         0x0000000000000000        0xc Core/Src/main.o
 .group         0x0000000000000000        0xc Core/Src/main.o
 .group         0x0000000000000000        0xc Core/Src/main.o
 .group         0x0000000000000000        0xc Core/Src/main.o
 .group         0x0000000000000000        0xc Core/Src/main.o
 .group         0x0000000000000000        0xc Core/Src/main.o
 .group         0x0000000000000000        0xc Core/Src/main.o
 .group         0x0000000000000000        0xc Core/Src/main.o
 .group         0x0000000000000000        0xc Core/Src/main.o
 .group         0x0000000000000000        0xc Core/Src/main.o
 .group         0x0000000000000000        0xc Core/Src/main.o
 .group         0x0000000000000000        0xc Core/Src/main.o
 .group         0x0000000000000000        0xc Core/Src/main.o
 .group         0x0000000000000000        0xc Core/Src/main.o
 .group         0x0000000000000000        0xc Core/Src/main.o
 .text          0x0000000000000000        0x0 Core/Src/main.o
 .data          0x0000000000000000        0x0 Core/Src/main.o
 .bss           0x0000000000000000        0x0 Core/Src/main.o
 .debug_macro   0x0000000000000000      0xaa8 Core/Src/main.o
 .debug_macro   0x0000000000000000       0x2e Core/Src/main.o
 .debug_macro   0x0000000000000000       0x28 Core/Src/main.o
 .debug_macro   0x0000000000000000       0x22 Core/Src/main.o
 .debug_macro   0x0000000000000000       0x8e Core/Src/main.o
 .debug_macro   0x0000000000000000       0x51 Core/Src/main.o
 .debug_macro   0x0000000000000000       0xef Core/Src/main.o
 .debug_macro   0x0000000000000000       0x6a Core/Src/main.o
 .debug_macro   0x0000000000000000      0x1df Core/Src/main.o
 .debug_macro   0x0000000000000000       0x1c Core/Src/main.o
 .debug_macro   0x0000000000000000       0x22 Core/Src/main.o
 .debug_macro   0x0000000000000000      0x101 Core/Src/main.o
 .debug_macro   0x0000000000000000     0x1011 Core/Src/main.o
 .debug_macro   0x0000000000000000      0x11f Core/Src/main.o
 .debug_macro   0x0000000000000000    0x1a13d Core/Src/main.o
 .debug_macro   0x0000000000000000       0x43 Core/Src/main.o
 .debug_macro   0x0000000000000000      0x1b9 Core/Src/main.o
 .debug_macro   0x0000000000000000      0x16a Core/Src/main.o
 .group         0x0000000000000000        0xc Core/Src/stm32l4xx_it.o
 .group         0x0000000000000000        0xc Core/Src/stm32l4xx_it.o
 .group         0x0000000000000000        0xc Core/Src/stm32l4xx_it.o
 .group         0x0000000000000000        0xc Core/Src/stm32l4xx_it.o
 .group         0x0000000000000000        0xc Core/Src/stm32l4xx_it.o
 .group         0x0000000000000000        0xc Core/Src/stm32l4xx_it.o
 .group         0x0000000000000000        0xc Core/Src/stm32l4xx_it.o
 .group         0x0000000000000000        0xc Core/Src/stm32l4xx_it.o
 .group         0x0000000000000000        0xc Core/Src/stm32l4xx_it.o
 .group         0x0000000000000000        0xc Core/Src/stm32l4xx_it.o
 .group         0x0000000000000000        0xc Core/Src/stm32l4xx_it.o
 .group         0x0000000000000000        0xc Core/Src/stm32l4xx_it.o
 .group         0x0000000000000000        0xc Core/Src/stm32l4xx_it.o
 .group         0x0000000000000000        0xc Core/Src/stm32l4xx_it.o
 .group         0x0000000000000000        0xc Core/Src/stm32l4xx_it.o
 .group         0x0000000000000000        0xc Core/Src/stm32l4xx_it.o
 .group         0x0000000000000000        0xc Core/Src/stm32l4xx_it.o
 .group         0x0000000000000000        0xc Core/Src/stm32l4xx_it.o
 .group         0x0000000000000000        0xc Core/Src/stm32l4xx_it.o
 .group         0x0000000000000000        0xc Core/Src/stm32l4xx_it.o
 .group         0x0000000000000000        0xc Core/Src/stm32l4xx_it.o
 .group         0x0000000000000000        0xc Core/Src/stm32l4xx_it.o
 .group         0x0000000000000000        0xc Core/Src/stm32l4xx_it.o
 .group         0x0000000000000000        0xc Core/Src/stm32l4xx_it.o
 .group         0x0000000000000000        0xc Core/Src/stm32l4xx_it.o
 .group         0x0000000000000000        0xc Core/Src/stm32l4xx_it.o
 .text          0x0000000000000000        0x0 Core/Src/stm32l4xx_it.o
 .data          0x0000000000000000        0x0 Core/Src/stm32l4xx_it.o
 .bss           0x0000000000000000        0x0 Core/Src/stm32l4xx_it.o
 .rodata.CHANNEL_OFFSET_TAB
                0x0000000000000000        0x7 Core/Src/stm32l4xx_it.o
 .debug_macro   0x0000000000000000      0xaa8 Core/Src/stm32l4xx_it.o
 .debug_macro   0x0000000000000000       0x2e Core/Src/stm32l4xx_it.o
 .debug_macro   0x0000000000000000       0x28 Core/Src/stm32l4xx_it.o
 .debug_macro   0x0000000000000000       0x22 Core/Src/stm32l4xx_it.o
 .debug_macro   0x0000000000000000       0x8e Core/Src/stm32l4xx_it.o
 .debug_macro   0x0000000000000000       0x51 Core/Src/stm32l4xx_it.o
 .debug_macro   0x0000000000000000       0xef Core/Src/stm32l4xx_it.o
 .debug_macro   0x0000000000000000       0x6a Core/Src/stm32l4xx_it.o
 .debug_macro   0x0000000000000000      0x1df Core/Src/stm32l4xx_it.o
 .debug_macro   0x0000000000000000       0x1c Core/Src/stm32l4xx_it.o
 .debug_macro   0x0000000000000000       0x22 Core/Src/stm32l4xx_it.o
 .debug_macro   0x0000000000000000      0x101 Core/Src/stm32l4xx_it.o
 .debug_macro   0x0000000000000000     0x1011 Core/Src/stm32l4xx_it.o
 .debug_macro   0x0000000000000000      0x11f Core/Src/stm32l4xx_it.o
 .debug_macro   0x0000000000000000    0x1a13d Core/Src/stm32l4xx_it.o
 .debug_macro   0x0000000000000000       0x43 Core/Src/stm32l4xx_it.o
 .debug_macro   0x0000000000000000      0x716 Core/Src/stm32l4xx_it.o
 .debug_macro   0x0000000000000000      0x2f5 Core/Src/stm32l4xx_it.o
 .debug_macro   0x0000000000000000       0xa7 Core/Src/stm32l4xx_it.o
 .debug_macro   0x0000000000000000      0x16a Core/Src/stm32l4xx_it.o
 .group         0x0000000000000000        0xc Core/Src/syscalls.o
 .group         0x0000000000000000        0xc Core/Src/syscalls.o
 .group         0x0000000000000000        0xc Core/Src/syscalls.o
 .group         0x0000000000000000        0xc Core/Src/syscalls.o
 .group         0x0000000000000000        0xc Core/Src/syscalls.o
 .group         0x0000000000000000        0xc Core/Src/syscalls.o
 .group         0x0000000000000000        0xc Core/Src/syscalls.o
 .group         0x0000000000000000        0xc Core/Src/syscalls.o
 .group         0x0000000000000000        0xc Core/Src/syscalls.o
 .group         0x0000000000000000        0xc Core/Src/syscalls.o
 .group         0x0000000000000000        0xc Core/Src/syscalls.o
 .group         0x0000000000000000        0xc Core/Src/syscalls.o
 .group         0x0000000000000000        0xc Core/Src/syscalls.o
 .group         0x0000000000000000        0xc Core/Src/syscalls.o
 .group         0x0000000000000000        0xc Core/Src/syscalls.o
 .group         0x0000000000000000        0xc Core/Src/syscalls.o
 .group         0x0000000000000000        0xc Core/Src/syscalls.o
 .group         0x0000000000000000        0xc Core/Src/syscalls.o
 .group         0x0000000000000000        0xc Core/Src/syscalls.o
 .group         0x0000000000000000        0xc Core/Src/syscalls.o
 .group         0x0000000000000000        0xc Core/Src/syscalls.o
 .group         0x0000000000000000        0xc Core/Src/syscalls.o
 .group         0x0000000000000000        0xc Core/Src/syscalls.o
 .group         0x0000000000000000        0xc Core/Src/syscalls.o
 .group         0x0000000000000000        0xc Core/Src/syscalls.o
 .group         0x0000000000000000        0xc Core/Src/syscalls.o
 .group         0x0000000000000000        0xc Core/Src/syscalls.o
 .group         0x0000000000000000        0xc Core/Src/syscalls.o
 .group         0x0000000000000000        0xc Core/Src/syscalls.o
 .group         0x0000000000000000        0xc Core/Src/syscalls.o
 .group         0x0000000000000000        0xc Core/Src/syscalls.o
 .group         0x0000000000000000        0xc Core/Src/syscalls.o
 .group         0x0000000000000000        0xc Core/Src/syscalls.o
 .group         0x0000000000000000        0xc Core/Src/syscalls.o
 .group         0x0000000000000000        0xc Core/Src/syscalls.o
 .group         0x0000000000000000        0xc Core/Src/syscalls.o
 .group         0x0000000000000000        0xc Core/Src/syscalls.o
 .group         0x0000000000000000        0xc Core/Src/syscalls.o
 .group         0x0000000000000000        0xc Core/Src/syscalls.o
 .group         0x0000000000000000        0xc Core/Src/syscalls.o
 .group         0x0000000000000000        0xc Core/Src/syscalls.o
 .group         0x0000000000000000        0xc Core/Src/syscalls.o
 .group         0x0000000000000000        0xc Core/Src/syscalls.o
 .group         0x0000000000000000        0xc Core/Src/syscalls.o
 .text          0x0000000000000000        0x0 Core/Src/syscalls.o
 .data          0x0000000000000000        0x0 Core/Src/syscalls.o
 .bss           0x0000000000000000        0x0 Core/Src/syscalls.o
 .bss.__env     0x0000000000000000        0x4 Core/Src/syscalls.o
 .data.environ  0x0000000000000000        0x4 Core/Src/syscalls.o
 .text.initialise_monitor_handles
                0x0000000000000000        0xe Core/Src/syscalls.o
 .text._getpid  0x0000000000000000       0x10 Core/Src/syscalls.o
 .text._kill    0x0000000000000000       0x20 Core/Src/syscalls.o
 .text._exit    0x0000000000000000       0x14 Core/Src/syscalls.o
 .text._read    0x0000000000000000       0x3a Core/Src/syscalls.o
 .text._write   0x0000000000000000       0x38 Core/Src/syscalls.o
 .text._close   0x0000000000000000       0x18 Core/Src/syscalls.o
 .text._fstat   0x0000000000000000       0x20 Core/Src/syscalls.o
 .text._isatty  0x0000000000000000       0x16 Core/Src/syscalls.o
 .text._lseek   0x0000000000000000       0x1a Core/Src/syscalls.o
 .text._open    0x0000000000000000       0x1c Core/Src/syscalls.o
 .text._wait    0x0000000000000000       0x1e Core/Src/syscalls.o
 .text._unlink  0x0000000000000000       0x1e Core/Src/syscalls.o
 .text._times   0x0000000000000000       0x18 Core/Src/syscalls.o
 .text._stat    0x0000000000000000       0x20 Core/Src/syscalls.o
 .text._link    0x0000000000000000       0x20 Core/Src/syscalls.o
 .text._fork    0x0000000000000000       0x16 Core/Src/syscalls.o
 .text._execve  0x0000000000000000       0x22 Core/Src/syscalls.o
 .debug_info    0x0000000000000000      0xebd Core/Src/syscalls.o
 .debug_abbrev  0x0000000000000000      0x261 Core/Src/syscalls.o
 .debug_aranges
                0x0000000000000000       0xa8 Core/Src/syscalls.o
 .debug_ranges  0x0000000000000000       0x98 Core/Src/syscalls.o
 .debug_macro   0x0000000000000000      0x243 Core/Src/syscalls.o
 .debug_macro   0x0000000000000000      0xaa8 Core/Src/syscalls.o
 .debug_macro   0x0000000000000000       0x22 Core/Src/syscalls.o
 .debug_macro   0x0000000000000000       0x40 Core/Src/syscalls.o
 .debug_macro   0x0000000000000000       0x18 Core/Src/syscalls.o
 .debug_macro   0x0000000000000000       0x94 Core/Src/syscalls.o
 .debug_macro   0x0000000000000000       0x3c Core/Src/syscalls.o
 .debug_macro   0x0000000000000000       0x34 Core/Src/syscalls.o
 .debug_macro   0x0000000000000000       0x57 Core/Src/syscalls.o
 .debug_macro   0x0000000000000000      0x174 Core/Src/syscalls.o
 .debug_macro   0x0000000000000000      0x330 Core/Src/syscalls.o
 .debug_macro   0x0000000000000000       0x52 Core/Src/syscalls.o
 .debug_macro   0x0000000000000000       0x1f Core/Src/syscalls.o
 .debug_macro   0x0000000000000000       0x43 Core/Src/syscalls.o
 .debug_macro   0x0000000000000000       0x20 Core/Src/syscalls.o
 .debug_macro   0x0000000000000000      0x1a3 Core/Src/syscalls.o
 .debug_macro   0x0000000000000000       0x10 Core/Src/syscalls.o
 .debug_macro   0x0000000000000000       0x35 Core/Src/syscalls.o
 .debug_macro   0x0000000000000000       0x10 Core/Src/syscalls.o
 .debug_macro   0x0000000000000000       0x10 Core/Src/syscalls.o
 .debug_macro   0x0000000000000000       0x10 Core/Src/syscalls.o
 .debug_macro   0x0000000000000000       0x6a Core/Src/syscalls.o
 .debug_macro   0x0000000000000000       0x1c Core/Src/syscalls.o
 .debug_macro   0x0000000000000000       0x52 Core/Src/syscalls.o
 .debug_macro   0x0000000000000000       0x40 Core/Src/syscalls.o
 .debug_macro   0x0000000000000000       0x10 Core/Src/syscalls.o
 .debug_macro   0x0000000000000000       0x40 Core/Src/syscalls.o
 .debug_macro   0x0000000000000000       0xd7 Core/Src/syscalls.o
 .debug_macro   0x0000000000000000       0x1c Core/Src/syscalls.o
 .debug_macro   0x0000000000000000       0x3d Core/Src/syscalls.o
 .debug_macro   0x0000000000000000       0x35 Core/Src/syscalls.o
 .debug_macro   0x0000000000000000      0x122 Core/Src/syscalls.o
 .debug_macro   0x0000000000000000       0x16 Core/Src/syscalls.o
 .debug_macro   0x0000000000000000       0x16 Core/Src/syscalls.o
 .debug_macro   0x0000000000000000       0x29 Core/Src/syscalls.o
 .debug_macro   0x0000000000000000       0x10 Core/Src/syscalls.o
 .debug_macro   0x0000000000000000      0x241 Core/Src/syscalls.o
 .debug_macro   0x0000000000000000       0x1c Core/Src/syscalls.o
 .debug_macro   0x0000000000000000       0x10 Core/Src/syscalls.o
 .debug_macro   0x0000000000000000       0x10 Core/Src/syscalls.o
 .debug_macro   0x0000000000000000       0x16 Core/Src/syscalls.o
 .debug_macro   0x0000000000000000      0x145 Core/Src/syscalls.o
 .debug_macro   0x0000000000000000      0x189 Core/Src/syscalls.o
 .debug_macro   0x0000000000000000       0x16 Core/Src/syscalls.o
 .debug_macro   0x0000000000000000       0x88 Core/Src/syscalls.o
 .debug_line    0x0000000000000000      0x73e Core/Src/syscalls.o
 .debug_str     0x0000000000000000     0x89f3 Core/Src/syscalls.o
 .comment       0x0000000000000000       0x7c Core/Src/syscalls.o
 .debug_frame   0x0000000000000000      0x2ac Core/Src/syscalls.o
 .ARM.attributes
                0x0000000000000000       0x39 Core/Src/syscalls.o
 .group         0x0000000000000000        0xc Core/Src/sysmem.o
 .group         0x0000000000000000        0xc Core/Src/sysmem.o
 .group         0x0000000000000000        0xc Core/Src/sysmem.o
 .group         0x0000000000000000        0xc Core/Src/sysmem.o
 .group         0x0000000000000000        0xc Core/Src/sysmem.o
 .group         0x0000000000000000        0xc Core/Src/sysmem.o
 .group         0x0000000000000000        0xc Core/Src/sysmem.o
 .group         0x0000000000000000        0xc Core/Src/sysmem.o
 .group         0x0000000000000000        0xc Core/Src/sysmem.o
 .group         0x0000000000000000        0xc Core/Src/sysmem.o
 .group         0x0000000000000000        0xc Core/Src/sysmem.o
 .group         0x0000000000000000        0xc Core/Src/sysmem.o
 .group         0x0000000000000000        0xc Core/Src/sysmem.o
 .group         0x0000000000000000        0xc Core/Src/sysmem.o
 .group         0x0000000000000000        0xc Core/Src/sysmem.o
 .group         0x0000000000000000        0xc Core/Src/sysmem.o
 .group         0x0000000000000000        0xc Core/Src/sysmem.o
 .group         0x0000000000000000        0xc Core/Src/sysmem.o
 .group         0x0000000000000000        0xc Core/Src/sysmem.o
 .text          0x0000000000000000        0x0 Core/Src/sysmem.o
 .data          0x0000000000000000        0x0 Core/Src/sysmem.o
 .bss           0x0000000000000000        0x0 Core/Src/sysmem.o
 .bss.__sbrk_heap_end
                0x0000000000000000        0x4 Core/Src/sysmem.o
 .text._sbrk    0x0000000000000000       0x6c Core/Src/sysmem.o
 .debug_info    0x0000000000000000      0x985 Core/Src/sysmem.o
 .debug_abbrev  0x0000000000000000      0x19b Core/Src/sysmem.o
 .debug_aranges
                0x0000000000000000       0x20 Core/Src/sysmem.o
 .debug_ranges  0x0000000000000000       0x10 Core/Src/sysmem.o
 .debug_macro   0x0000000000000000       0xee Core/Src/sysmem.o
 .debug_macro   0x0000000000000000      0xaa8 Core/Src/sysmem.o
 .debug_macro   0x0000000000000000       0x10 Core/Src/sysmem.o
 .debug_macro   0x0000000000000000       0x22 Core/Src/sysmem.o
 .debug_macro   0x0000000000000000       0x40 Core/Src/sysmem.o
 .debug_macro   0x0000000000000000       0x18 Core/Src/sysmem.o
 .debug_macro   0x0000000000000000       0x94 Core/Src/sysmem.o
 .debug_macro   0x0000000000000000       0x3c Core/Src/sysmem.o
 .debug_macro   0x0000000000000000       0x34 Core/Src/sysmem.o
 .debug_macro   0x0000000000000000      0x174 Core/Src/sysmem.o
 .debug_macro   0x0000000000000000       0x57 Core/Src/sysmem.o
 .debug_macro   0x0000000000000000       0x52 Core/Src/sysmem.o
 .debug_macro   0x0000000000000000       0x1f Core/Src/sysmem.o
 .debug_macro   0x0000000000000000       0x43 Core/Src/sysmem.o
 .debug_macro   0x0000000000000000       0x20 Core/Src/sysmem.o
 .debug_macro   0x0000000000000000      0x1a3 Core/Src/sysmem.o
 .debug_macro   0x0000000000000000      0x23b Core/Src/sysmem.o
 .debug_macro   0x0000000000000000       0xef Core/Src/sysmem.o
 .debug_macro   0x0000000000000000       0x6a Core/Src/sysmem.o
 .debug_macro   0x0000000000000000      0x1df Core/Src/sysmem.o
 .debug_line    0x0000000000000000      0x4c7 Core/Src/sysmem.o
 .debug_str     0x0000000000000000     0x60c1 Core/Src/sysmem.o
 .comment       0x0000000000000000       0x7c Core/Src/sysmem.o
 .debug_frame   0x0000000000000000       0x34 Core/Src/sysmem.o
 .ARM.attributes
                0x0000000000000000       0x39 Core/Src/sysmem.o
 .group         0x0000000000000000        0xc Core/Src/system_stm32l4xx.o
 .group         0x0000000000000000        0xc Core/Src/system_stm32l4xx.o
 .group         0x0000000000000000        0xc Core/Src/system_stm32l4xx.o
 .group         0x0000000000000000        0xc Core/Src/system_stm32l4xx.o
 .group         0x0000000000000000        0xc Core/Src/system_stm32l4xx.o
 .group         0x0000000000000000        0xc Core/Src/system_stm32l4xx.o
 .group         0x0000000000000000        0xc Core/Src/system_stm32l4xx.o
 .group         0x0000000000000000        0xc Core/Src/system_stm32l4xx.o
 .group         0x0000000000000000        0xc Core/Src/system_stm32l4xx.o
 .group         0x0000000000000000        0xc Core/Src/system_stm32l4xx.o
 .group         0x0000000000000000        0xc Core/Src/system_stm32l4xx.o
 .group         0x0000000000000000        0xc Core/Src/system_stm32l4xx.o
 .group         0x0000000000000000        0xc Core/Src/system_stm32l4xx.o
 .group         0x0000000000000000        0xc Core/Src/system_stm32l4xx.o
 .group         0x0000000000000000        0xc Core/Src/system_stm32l4xx.o
 .group         0x0000000000000000        0xc Core/Src/system_stm32l4xx.o
 .text          0x0000000000000000        0x0 Core/Src/system_stm32l4xx.o
 .data          0x0000000000000000        0x0 Core/Src/system_stm32l4xx.o
 .bss           0x0000000000000000        0x0 Core/Src/system_stm32l4xx.o
 .rodata.APBPrescTable
                0x0000000000000000        0x8 Core/Src/system_stm32l4xx.o
 .debug_macro   0x0000000000000000      0xaa8 Core/Src/system_stm32l4xx.o
 .debug_macro   0x0000000000000000       0x2e Core/Src/system_stm32l4xx.o
 .debug_macro   0x0000000000000000       0x28 Core/Src/system_stm32l4xx.o
 .debug_macro   0x0000000000000000       0x22 Core/Src/system_stm32l4xx.o
 .debug_macro   0x0000000000000000       0x8e Core/Src/system_stm32l4xx.o
 .debug_macro   0x0000000000000000       0x51 Core/Src/system_stm32l4xx.o
 .debug_macro   0x0000000000000000       0xef Core/Src/system_stm32l4xx.o
 .debug_macro   0x0000000000000000       0x6a Core/Src/system_stm32l4xx.o
 .debug_macro   0x0000000000000000      0x1df Core/Src/system_stm32l4xx.o
 .debug_macro   0x0000000000000000       0x1c Core/Src/system_stm32l4xx.o
 .debug_macro   0x0000000000000000       0x22 Core/Src/system_stm32l4xx.o
 .debug_macro   0x0000000000000000      0x101 Core/Src/system_stm32l4xx.o
 .debug_macro   0x0000000000000000     0x1011 Core/Src/system_stm32l4xx.o
 .debug_macro   0x0000000000000000      0x11f Core/Src/system_stm32l4xx.o
 .debug_macro   0x0000000000000000    0x1a13d Core/Src/system_stm32l4xx.o
 .debug_macro   0x0000000000000000       0x43 Core/Src/system_stm32l4xx.o
 .text          0x0000000000000000       0x14 Core/Startup/startup_stm32l476rgtx.o
 .data          0x0000000000000000        0x0 Core/Startup/startup_stm32l476rgtx.o
 .bss           0x0000000000000000        0x0 Core/Startup/startup_stm32l476rgtx.o
 .group         0x0000000000000000        0xc Drivers/STM32L4xx_HAL_Driver/Src/stm32l4xx_ll_exti.o
 .group         0x0000000000000000        0xc Drivers/STM32L4xx_HAL_Driver/Src/stm32l4xx_ll_exti.o
 .group         0x0000000000000000        0xc Drivers/STM32L4xx_HAL_Driver/Src/stm32l4xx_ll_exti.o
 .group         0x0000000000000000        0xc Drivers/STM32L4xx_HAL_Driver/Src/stm32l4xx_ll_exti.o
 .group         0x0000000000000000        0xc Drivers/STM32L4xx_HAL_Driver/Src/stm32l4xx_ll_exti.o
 .group         0x0000000000000000        0xc Drivers/STM32L4xx_HAL_Driver/Src/stm32l4xx_ll_exti.o
 .group         0x0000000000000000        0xc Drivers/STM32L4xx_HAL_Driver/Src/stm32l4xx_ll_exti.o
 .group         0x0000000000000000        0xc Drivers/STM32L4xx_HAL_Driver/Src/stm32l4xx_ll_exti.o
 .group         0x0000000000000000        0xc Drivers/STM32L4xx_HAL_Driver/Src/stm32l4xx_ll_exti.o
 .group         0x0000000000000000        0xc Drivers/STM32L4xx_HAL_Driver/Src/stm32l4xx_ll_exti.o
 .group         0x0000000000000000        0xc Drivers/STM32L4xx_HAL_Driver/Src/stm32l4xx_ll_exti.o
 .group         0x0000000000000000        0xc Drivers/STM32L4xx_HAL_Driver/Src/stm32l4xx_ll_exti.o
 .group         0x0000000000000000        0xc Drivers/STM32L4xx_HAL_Driver/Src/stm32l4xx_ll_exti.o
 .group         0x0000000000000000        0xc Drivers/STM32L4xx_HAL_Driver/Src/stm32l4xx_ll_exti.o
 .group         0x0000000000000000        0xc Drivers/STM32L4xx_HAL_Driver/Src/stm32l4xx_ll_exti.o
 .group         0x0000000000000000        0xc Drivers/STM32L4xx_HAL_Driver/Src/stm32l4xx_ll_exti.o
 .group         0x0000000000000000        0xc Drivers/STM32L4xx_HAL_Driver/Src/stm32l4xx_ll_exti.o
 .text          0x0000000000000000        0x0 Drivers/STM32L4xx_HAL_Driver/Src/stm32l4xx_ll_exti.o
 .data          0x0000000000000000        0x0 Drivers/STM32L4xx_HAL_Driver/Src/stm32l4xx_ll_exti.o
 .bss           0x0000000000000000        0x0 Drivers/STM32L4xx_HAL_Driver/Src/stm32l4xx_ll_exti.o
 .text.LL_EXTI_EnableIT_0_31
                0x0000000000000000       0x24 Drivers/STM32L4xx_HAL_Driver/Src/stm32l4xx_ll_exti.o
 .text.LL_EXTI_EnableIT_32_63
                0x0000000000000000       0x24 Drivers/STM32L4xx_HAL_Driver/Src/stm32l4xx_ll_exti.o
 .text.LL_EXTI_DisableIT_0_31
                0x0000000000000000       0x28 Drivers/STM32L4xx_HAL_Driver/Src/stm32l4xx_ll_exti.o
 .text.LL_EXTI_DisableIT_32_63
                0x0000000000000000       0x28 Drivers/STM32L4xx_HAL_Driver/Src/stm32l4xx_ll_exti.o
 .text.LL_EXTI_EnableEvent_0_31
                0x0000000000000000       0x24 Drivers/STM32L4xx_HAL_Driver/Src/stm32l4xx_ll_exti.o
 .text.LL_EXTI_EnableEvent_32_63
                0x0000000000000000       0x24 Drivers/STM32L4xx_HAL_Driver/Src/stm32l4xx_ll_exti.o
 .text.LL_EXTI_DisableEvent_0_31
                0x0000000000000000       0x28 Drivers/STM32L4xx_HAL_Driver/Src/stm32l4xx_ll_exti.o
 .text.LL_EXTI_DisableEvent_32_63
                0x0000000000000000       0x28 Drivers/STM32L4xx_HAL_Driver/Src/stm32l4xx_ll_exti.o
 .text.LL_EXTI_EnableRisingTrig_0_31
                0x0000000000000000       0x24 Drivers/STM32L4xx_HAL_Driver/Src/stm32l4xx_ll_exti.o
 .text.LL_EXTI_EnableRisingTrig_32_63
                0x0000000000000000       0x24 Drivers/STM32L4xx_HAL_Driver/Src/stm32l4xx_ll_exti.o
 .text.LL_EXTI_DisableRisingTrig_0_31
                0x0000000000000000       0x28 Drivers/STM32L4xx_HAL_Driver/Src/stm32l4xx_ll_exti.o
 .text.LL_EXTI_DisableRisingTrig_32_63
                0x0000000000000000       0x28 Drivers/STM32L4xx_HAL_Driver/Src/stm32l4xx_ll_exti.o
 .text.LL_EXTI_EnableFallingTrig_0_31
                0x0000000000000000       0x24 Drivers/STM32L4xx_HAL_Driver/Src/stm32l4xx_ll_exti.o
 .text.LL_EXTI_EnableFallingTrig_32_63
                0x0000000000000000       0x24 Drivers/STM32L4xx_HAL_Driver/Src/stm32l4xx_ll_exti.o
 .text.LL_EXTI_DisableFallingTrig_0_31
                0x0000000000000000       0x28 Drivers/STM32L4xx_HAL_Driver/Src/stm32l4xx_ll_exti.o
 .text.LL_EXTI_DisableFallingTrig_32_63
                0x0000000000000000       0x28 Drivers/STM32L4xx_HAL_Driver/Src/stm32l4xx_ll_exti.o
 .text.LL_EXTI_DeInit
                0x0000000000000000       0x64 Drivers/STM32L4xx_HAL_Driver/Src/stm32l4xx_ll_exti.o
 .text.LL_EXTI_Init
                0x0000000000000000      0x1d8 Drivers/STM32L4xx_HAL_Driver/Src/stm32l4xx_ll_exti.o
 .text.LL_EXTI_StructInit
                0x0000000000000000       0x32 Drivers/STM32L4xx_HAL_Driver/Src/stm32l4xx_ll_exti.o
 .debug_info    0x0000000000000000      0x56b Drivers/STM32L4xx_HAL_Driver/Src/stm32l4xx_ll_exti.o
 .debug_abbrev  0x0000000000000000      0x19e Drivers/STM32L4xx_HAL_Driver/Src/stm32l4xx_ll_exti.o
 .debug_aranges
                0x0000000000000000       0xb0 Drivers/STM32L4xx_HAL_Driver/Src/stm32l4xx_ll_exti.o
 .debug_ranges  0x0000000000000000       0xa0 Drivers/STM32L4xx_HAL_Driver/Src/stm32l4xx_ll_exti.o
 .debug_macro   0x0000000000000000       0xfb Drivers/STM32L4xx_HAL_Driver/Src/stm32l4xx_ll_exti.o
 .debug_macro   0x0000000000000000      0xaa8 Drivers/STM32L4xx_HAL_Driver/Src/stm32l4xx_ll_exti.o
 .debug_macro   0x0000000000000000       0x2e Drivers/STM32L4xx_HAL_Driver/Src/stm32l4xx_ll_exti.o
 .debug_macro   0x0000000000000000       0x28 Drivers/STM32L4xx_HAL_Driver/Src/stm32l4xx_ll_exti.o
 .debug_macro   0x0000000000000000       0x22 Drivers/STM32L4xx_HAL_Driver/Src/stm32l4xx_ll_exti.o
 .debug_macro   0x0000000000000000       0x8e Drivers/STM32L4xx_HAL_Driver/Src/stm32l4xx_ll_exti.o
 .debug_macro   0x0000000000000000       0x51 Drivers/STM32L4xx_HAL_Driver/Src/stm32l4xx_ll_exti.o
 .debug_macro   0x0000000000000000       0xef Drivers/STM32L4xx_HAL_Driver/Src/stm32l4xx_ll_exti.o
 .debug_macro   0x0000000000000000       0x6a Drivers/STM32L4xx_HAL_Driver/Src/stm32l4xx_ll_exti.o
 .debug_macro   0x0000000000000000      0x1df Drivers/STM32L4xx_HAL_Driver/Src/stm32l4xx_ll_exti.o
 .debug_macro   0x0000000000000000       0x1c Drivers/STM32L4xx_HAL_Driver/Src/stm32l4xx_ll_exti.o
 .debug_macro   0x0000000000000000       0x22 Drivers/STM32L4xx_HAL_Driver/Src/stm32l4xx_ll_exti.o
 .debug_macro   0x0000000000000000      0x101 Drivers/STM32L4xx_HAL_Driver/Src/stm32l4xx_ll_exti.o
 .debug_macro   0x0000000000000000     0x1011 Drivers/STM32L4xx_HAL_Driver/Src/stm32l4xx_ll_exti.o
 .debug_macro   0x0000000000000000      0x11f Drivers/STM32L4xx_HAL_Driver/Src/stm32l4xx_ll_exti.o
 .debug_macro   0x0000000000000000    0x1a13d Drivers/STM32L4xx_HAL_Driver/Src/stm32l4xx_ll_exti.o
 .debug_macro   0x0000000000000000       0x43 Drivers/STM32L4xx_HAL_Driver/Src/stm32l4xx_ll_exti.o
 .debug_macro   0x0000000000000000      0x15e Drivers/STM32L4xx_HAL_Driver/Src/stm32l4xx_ll_exti.o
 .debug_line    0x0000000000000000      0x651 Drivers/STM32L4xx_HAL_Driver/Src/stm32l4xx_ll_exti.o
 .debug_str     0x0000000000000000    0x9f070 Drivers/STM32L4xx_HAL_Driver/Src/stm32l4xx_ll_exti.o
 .comment       0x0000000000000000       0x7c Drivers/STM32L4xx_HAL_Driver/Src/stm32l4xx_ll_exti.o
 .debug_frame   0x0000000000000000      0x2fc Drivers/STM32L4xx_HAL_Driver/Src/stm32l4xx_ll_exti.o
 .ARM.attributes
                0x0000000000000000       0x39 Drivers/STM32L4xx_HAL_Driver/Src/stm32l4xx_ll_exti.o
 .group         0x0000000000000000        0xc Drivers/STM32L4xx_HAL_Driver/Src/stm32l4xx_ll_gpio.o
 .group         0x0000000000000000        0xc Drivers/STM32L4xx_HAL_Driver/Src/stm32l4xx_ll_gpio.o
 .group         0x0000000000000000        0xc Drivers/STM32L4xx_HAL_Driver/Src/stm32l4xx_ll_gpio.o
 .group         0x0000000000000000        0xc Drivers/STM32L4xx_HAL_Driver/Src/stm32l4xx_ll_gpio.o
 .group         0x0000000000000000        0xc Drivers/STM32L4xx_HAL_Driver/Src/stm32l4xx_ll_gpio.o
 .group         0x0000000000000000        0xc Drivers/STM32L4xx_HAL_Driver/Src/stm32l4xx_ll_gpio.o
 .group         0x0000000000000000        0xc Drivers/STM32L4xx_HAL_Driver/Src/stm32l4xx_ll_gpio.o
 .group         0x0000000000000000        0xc Drivers/STM32L4xx_HAL_Driver/Src/stm32l4xx_ll_gpio.o
 .group         0x0000000000000000        0xc Drivers/STM32L4xx_HAL_Driver/Src/stm32l4xx_ll_gpio.o
 .group         0x0000000000000000        0xc Drivers/STM32L4xx_HAL_Driver/Src/stm32l4xx_ll_gpio.o
 .group         0x0000000000000000        0xc Drivers/STM32L4xx_HAL_Driver/Src/stm32l4xx_ll_gpio.o
 .group         0x0000000000000000        0xc Drivers/STM32L4xx_HAL_Driver/Src/stm32l4xx_ll_gpio.o
 .group         0x0000000000000000        0xc Drivers/STM32L4xx_HAL_Driver/Src/stm32l4xx_ll_gpio.o
 .group         0x0000000000000000        0xc Drivers/STM32L4xx_HAL_Driver/Src/stm32l4xx_ll_gpio.o
 .group         0x0000000000000000        0xc Drivers/STM32L4xx_HAL_Driver/Src/stm32l4xx_ll_gpio.o
 .group         0x0000000000000000        0xc Drivers/STM32L4xx_HAL_Driver/Src/stm32l4xx_ll_gpio.o
 .group         0x0000000000000000        0xc Drivers/STM32L4xx_HAL_Driver/Src/stm32l4xx_ll_gpio.o
 .group         0x0000000000000000        0xc Drivers/STM32L4xx_HAL_Driver/Src/stm32l4xx_ll_gpio.o
 .text          0x0000000000000000        0x0 Drivers/STM32L4xx_HAL_Driver/Src/stm32l4xx_ll_gpio.o
 .data          0x0000000000000000        0x0 Drivers/STM32L4xx_HAL_Driver/Src/stm32l4xx_ll_gpio.o
 .bss           0x0000000000000000        0x0 Drivers/STM32L4xx_HAL_Driver/Src/stm32l4xx_ll_gpio.o
 .text.LL_GPIO_SetPinMode
                0x0000000000000000       0x7a Drivers/STM32L4xx_HAL_Driver/Src/stm32l4xx_ll_gpio.o
 .text.LL_GPIO_SetPinOutputType
                0x0000000000000000       0x30 Drivers/STM32L4xx_HAL_Driver/Src/stm32l4xx_ll_gpio.o
 .text.LL_GPIO_SetPinSpeed
                0x0000000000000000       0x7a Drivers/STM32L4xx_HAL_Driver/Src/stm32l4xx_ll_gpio.o
 .text.LL_GPIO_SetPinPull
                0x0000000000000000       0x7a Drivers/STM32L4xx_HAL_Driver/Src/stm32l4xx_ll_gpio.o
 .text.LL_GPIO_SetAFPin_0_7
                0x0000000000000000       0x7a Drivers/STM32L4xx_HAL_Driver/Src/stm32l4xx_ll_gpio.o
 .text.LL_GPIO_SetAFPin_8_15
                0x0000000000000000       0x7e Drivers/STM32L4xx_HAL_Driver/Src/stm32l4xx_ll_gpio.o
 .text.LL_AHB2_GRP1_ForceReset
                0x0000000000000000       0x24 Drivers/STM32L4xx_HAL_Driver/Src/stm32l4xx_ll_gpio.o
 .text.LL_AHB2_GRP1_ReleaseReset
                0x0000000000000000       0x28 Drivers/STM32L4xx_HAL_Driver/Src/stm32l4xx_ll_gpio.o
 .text.LL_GPIO_DeInit
                0x0000000000000000       0xe8 Drivers/STM32L4xx_HAL_Driver/Src/stm32l4xx_ll_gpio.o
 .text.LL_GPIO_Init
                0x0000000000000000       0xec Drivers/STM32L4xx_HAL_Driver/Src/stm32l4xx_ll_gpio.o
 .text.LL_GPIO_StructInit
                0x0000000000000000       0x3a Drivers/STM32L4xx_HAL_Driver/Src/stm32l4xx_ll_gpio.o
 .debug_info    0x0000000000000000      0xa87 Drivers/STM32L4xx_HAL_Driver/Src/stm32l4xx_ll_gpio.o
 .debug_abbrev  0x0000000000000000      0x225 Drivers/STM32L4xx_HAL_Driver/Src/stm32l4xx_ll_gpio.o
 .debug_aranges
                0x0000000000000000       0x70 Drivers/STM32L4xx_HAL_Driver/Src/stm32l4xx_ll_gpio.o
 .debug_ranges  0x0000000000000000       0x60 Drivers/STM32L4xx_HAL_Driver/Src/stm32l4xx_ll_gpio.o
 .debug_macro   0x0000000000000000      0x110 Drivers/STM32L4xx_HAL_Driver/Src/stm32l4xx_ll_gpio.o
 .debug_macro   0x0000000000000000      0xaa8 Drivers/STM32L4xx_HAL_Driver/Src/stm32l4xx_ll_gpio.o
 .debug_macro   0x0000000000000000       0x2e Drivers/STM32L4xx_HAL_Driver/Src/stm32l4xx_ll_gpio.o
 .debug_macro   0x0000000000000000       0x28 Drivers/STM32L4xx_HAL_Driver/Src/stm32l4xx_ll_gpio.o
 .debug_macro   0x0000000000000000       0x22 Drivers/STM32L4xx_HAL_Driver/Src/stm32l4xx_ll_gpio.o
 .debug_macro   0x0000000000000000       0x8e Drivers/STM32L4xx_HAL_Driver/Src/stm32l4xx_ll_gpio.o
 .debug_macro   0x0000000000000000       0x51 Drivers/STM32L4xx_HAL_Driver/Src/stm32l4xx_ll_gpio.o
 .debug_macro   0x0000000000000000       0xef Drivers/STM32L4xx_HAL_Driver/Src/stm32l4xx_ll_gpio.o
 .debug_macro   0x0000000000000000       0x6a Drivers/STM32L4xx_HAL_Driver/Src/stm32l4xx_ll_gpio.o
 .debug_macro   0x0000000000000000      0x1df Drivers/STM32L4xx_HAL_Driver/Src/stm32l4xx_ll_gpio.o
 .debug_macro   0x0000000000000000       0x1c Drivers/STM32L4xx_HAL_Driver/Src/stm32l4xx_ll_gpio.o
 .debug_macro   0x0000000000000000       0x22 Drivers/STM32L4xx_HAL_Driver/Src/stm32l4xx_ll_gpio.o
 .debug_macro   0x0000000000000000      0x101 Drivers/STM32L4xx_HAL_Driver/Src/stm32l4xx_ll_gpio.o
 .debug_macro   0x0000000000000000     0x1011 Drivers/STM32L4xx_HAL_Driver/Src/stm32l4xx_ll_gpio.o
 .debug_macro   0x0000000000000000      0x11f Drivers/STM32L4xx_HAL_Driver/Src/stm32l4xx_ll_gpio.o
 .debug_macro   0x0000000000000000    0x1a13d Drivers/STM32L4xx_HAL_Driver/Src/stm32l4xx_ll_gpio.o
 .debug_macro   0x0000000000000000       0x43 Drivers/STM32L4xx_HAL_Driver/Src/stm32l4xx_ll_gpio.o
 .debug_macro   0x0000000000000000      0x164 Drivers/STM32L4xx_HAL_Driver/Src/stm32l4xx_ll_gpio.o
 .debug_macro   0x0000000000000000      0x1bf Drivers/STM32L4xx_HAL_Driver/Src/stm32l4xx_ll_gpio.o
 .debug_line    0x0000000000000000      0x6a8 Drivers/STM32L4xx_HAL_Driver/Src/stm32l4xx_ll_gpio.o
 .debug_str     0x0000000000000000    0xa0040 Drivers/STM32L4xx_HAL_Driver/Src/stm32l4xx_ll_gpio.o
 .comment       0x0000000000000000       0x7c Drivers/STM32L4xx_HAL_Driver/Src/stm32l4xx_ll_gpio.o
 .debug_frame   0x0000000000000000      0x1c0 Drivers/STM32L4xx_HAL_Driver/Src/stm32l4xx_ll_gpio.o
 .ARM.attributes
                0x0000000000000000       0x39 Drivers/STM32L4xx_HAL_Driver/Src/stm32l4xx_ll_gpio.o
 .group         0x0000000000000000        0xc Drivers/STM32L4xx_HAL_Driver/Src/stm32l4xx_ll_pwr.o
 .group         0x0000000000000000        0xc Drivers/STM32L4xx_HAL_Driver/Src/stm32l4xx_ll_pwr.o
 .group         0x0000000000000000        0xc Drivers/STM32L4xx_HAL_Driver/Src/stm32l4xx_ll_pwr.o
 .group         0x0000000000000000        0xc Drivers/STM32L4xx_HAL_Driver/Src/stm32l4xx_ll_pwr.o
 .group         0x0000000000000000        0xc Drivers/STM32L4xx_HAL_Driver/Src/stm32l4xx_ll_pwr.o
 .group         0x0000000000000000        0xc Drivers/STM32L4xx_HAL_Driver/Src/stm32l4xx_ll_pwr.o
 .group         0x0000000000000000        0xc Drivers/STM32L4xx_HAL_Driver/Src/stm32l4xx_ll_pwr.o
 .group         0x0000000000000000        0xc Drivers/STM32L4xx_HAL_Driver/Src/stm32l4xx_ll_pwr.o
 .group         0x0000000000000000        0xc Drivers/STM32L4xx_HAL_Driver/Src/stm32l4xx_ll_pwr.o
 .group         0x0000000000000000        0xc Drivers/STM32L4xx_HAL_Driver/Src/stm32l4xx_ll_pwr.o
 .group         0x0000000000000000        0xc Drivers/STM32L4xx_HAL_Driver/Src/stm32l4xx_ll_pwr.o
 .group         0x0000000000000000        0xc Drivers/STM32L4xx_HAL_Driver/Src/stm32l4xx_ll_pwr.o
 .group         0x0000000000000000        0xc Drivers/STM32L4xx_HAL_Driver/Src/stm32l4xx_ll_pwr.o
 .group         0x0000000000000000        0xc Drivers/STM32L4xx_HAL_Driver/Src/stm32l4xx_ll_pwr.o
 .group         0x0000000000000000        0xc Drivers/STM32L4xx_HAL_Driver/Src/stm32l4xx_ll_pwr.o
 .group         0x0000000000000000        0xc Drivers/STM32L4xx_HAL_Driver/Src/stm32l4xx_ll_pwr.o
 .group         0x0000000000000000        0xc Drivers/STM32L4xx_HAL_Driver/Src/stm32l4xx_ll_pwr.o
 .group         0x0000000000000000        0xc Drivers/STM32L4xx_HAL_Driver/Src/stm32l4xx_ll_pwr.o
 .text          0x0000000000000000        0x0 Drivers/STM32L4xx_HAL_Driver/Src/stm32l4xx_ll_pwr.o
 .data          0x0000000000000000        0x0 Drivers/STM32L4xx_HAL_Driver/Src/stm32l4xx_ll_pwr.o
 .bss           0x0000000000000000        0x0 Drivers/STM32L4xx_HAL_Driver/Src/stm32l4xx_ll_pwr.o
 .text.LL_APB1_GRP1_ForceReset
                0x0000000000000000       0x24 Drivers/STM32L4xx_HAL_Driver/Src/stm32l4xx_ll_pwr.o
 .text.LL_APB1_GRP1_ReleaseReset
                0x0000000000000000       0x28 Drivers/STM32L4xx_HAL_Driver/Src/stm32l4xx_ll_pwr.o
 .text.LL_PWR_DeInit
                0x0000000000000000       0x1a Drivers/STM32L4xx_HAL_Driver/Src/stm32l4xx_ll_pwr.o
 .debug_info    0x0000000000000000      0x3c2 Drivers/STM32L4xx_HAL_Driver/Src/stm32l4xx_ll_pwr.o
 .debug_abbrev  0x0000000000000000      0x125 Drivers/STM32L4xx_HAL_Driver/Src/stm32l4xx_ll_pwr.o
 .debug_aranges
                0x0000000000000000       0x30 Drivers/STM32L4xx_HAL_Driver/Src/stm32l4xx_ll_pwr.o
 .debug_ranges  0x0000000000000000       0x20 Drivers/STM32L4xx_HAL_Driver/Src/stm32l4xx_ll_pwr.o
 .debug_macro   0x0000000000000000       0xe6 Drivers/STM32L4xx_HAL_Driver/Src/stm32l4xx_ll_pwr.o
 .debug_macro   0x0000000000000000      0xaa8 Drivers/STM32L4xx_HAL_Driver/Src/stm32l4xx_ll_pwr.o
 .debug_macro   0x0000000000000000       0x2e Drivers/STM32L4xx_HAL_Driver/Src/stm32l4xx_ll_pwr.o
 .debug_macro   0x0000000000000000       0x28 Drivers/STM32L4xx_HAL_Driver/Src/stm32l4xx_ll_pwr.o
 .debug_macro   0x0000000000000000       0x22 Drivers/STM32L4xx_HAL_Driver/Src/stm32l4xx_ll_pwr.o
 .debug_macro   0x0000000000000000       0x8e Drivers/STM32L4xx_HAL_Driver/Src/stm32l4xx_ll_pwr.o
 .debug_macro   0x0000000000000000       0x51 Drivers/STM32L4xx_HAL_Driver/Src/stm32l4xx_ll_pwr.o
 .debug_macro   0x0000000000000000       0xef Drivers/STM32L4xx_HAL_Driver/Src/stm32l4xx_ll_pwr.o
 .debug_macro   0x0000000000000000       0x6a Drivers/STM32L4xx_HAL_Driver/Src/stm32l4xx_ll_pwr.o
 .debug_macro   0x0000000000000000      0x1df Drivers/STM32L4xx_HAL_Driver/Src/stm32l4xx_ll_pwr.o
 .debug_macro   0x0000000000000000       0x1c Drivers/STM32L4xx_HAL_Driver/Src/stm32l4xx_ll_pwr.o
 .debug_macro   0x0000000000000000       0x22 Drivers/STM32L4xx_HAL_Driver/Src/stm32l4xx_ll_pwr.o
 .debug_macro   0x0000000000000000      0x101 Drivers/STM32L4xx_HAL_Driver/Src/stm32l4xx_ll_pwr.o
 .debug_macro   0x0000000000000000     0x1011 Drivers/STM32L4xx_HAL_Driver/Src/stm32l4xx_ll_pwr.o
 .debug_macro   0x0000000000000000      0x11f Drivers/STM32L4xx_HAL_Driver/Src/stm32l4xx_ll_pwr.o
 .debug_macro   0x0000000000000000    0x1a13d Drivers/STM32L4xx_HAL_Driver/Src/stm32l4xx_ll_pwr.o
 .debug_macro   0x0000000000000000       0x43 Drivers/STM32L4xx_HAL_Driver/Src/stm32l4xx_ll_pwr.o
 .debug_macro   0x0000000000000000      0x202 Drivers/STM32L4xx_HAL_Driver/Src/stm32l4xx_ll_pwr.o
 .debug_macro   0x0000000000000000      0x1bf Drivers/STM32L4xx_HAL_Driver/Src/stm32l4xx_ll_pwr.o
 .debug_line    0x0000000000000000      0x4ee Drivers/STM32L4xx_HAL_Driver/Src/stm32l4xx_ll_pwr.o
 .debug_str     0x0000000000000000    0x9fc80 Drivers/STM32L4xx_HAL_Driver/Src/stm32l4xx_ll_pwr.o
 .comment       0x0000000000000000       0x7c Drivers/STM32L4xx_HAL_Driver/Src/stm32l4xx_ll_pwr.o
 .debug_frame   0x0000000000000000       0x7c Drivers/STM32L4xx_HAL_Driver/Src/stm32l4xx_ll_pwr.o
 .ARM.attributes
                0x0000000000000000       0x39 Drivers/STM32L4xx_HAL_Driver/Src/stm32l4xx_ll_pwr.o
 .group         0x0000000000000000        0xc Drivers/STM32L4xx_HAL_Driver/Src/stm32l4xx_ll_utils.o
 .group         0x0000000000000000        0xc Drivers/STM32L4xx_HAL_Driver/Src/stm32l4xx_ll_utils.o
 .group         0x0000000000000000        0xc Drivers/STM32L4xx_HAL_Driver/Src/stm32l4xx_ll_utils.o
 .group         0x0000000000000000        0xc Drivers/STM32L4xx_HAL_Driver/Src/stm32l4xx_ll_utils.o
 .group         0x0000000000000000        0xc Drivers/STM32L4xx_HAL_Driver/Src/stm32l4xx_ll_utils.o
 .group         0x0000000000000000        0xc Drivers/STM32L4xx_HAL_Driver/Src/stm32l4xx_ll_utils.o
 .group         0x0000000000000000        0xc Drivers/STM32L4xx_HAL_Driver/Src/stm32l4xx_ll_utils.o
 .group         0x0000000000000000        0xc Drivers/STM32L4xx_HAL_Driver/Src/stm32l4xx_ll_utils.o
 .group         0x0000000000000000        0xc Drivers/STM32L4xx_HAL_Driver/Src/stm32l4xx_ll_utils.o
 .group         0x0000000000000000        0xc Drivers/STM32L4xx_HAL_Driver/Src/stm32l4xx_ll_utils.o
 .group         0x0000000000000000        0xc Drivers/STM32L4xx_HAL_Driver/Src/stm32l4xx_ll_utils.o
 .group         0x0000000000000000        0xc Drivers/STM32L4xx_HAL_Driver/Src/stm32l4xx_ll_utils.o
 .group         0x0000000000000000        0xc Drivers/STM32L4xx_HAL_Driver/Src/stm32l4xx_ll_utils.o
 .group         0x0000000000000000        0xc Drivers/STM32L4xx_HAL_Driver/Src/stm32l4xx_ll_utils.o
 .group         0x0000000000000000        0xc Drivers/STM32L4xx_HAL_Driver/Src/stm32l4xx_ll_utils.o
 .group         0x0000000000000000        0xc Drivers/STM32L4xx_HAL_Driver/Src/stm32l4xx_ll_utils.o
 .group         0x0000000000000000        0xc Drivers/STM32L4xx_HAL_Driver/Src/stm32l4xx_ll_utils.o
 .group         0x0000000000000000        0xc Drivers/STM32L4xx_HAL_Driver/Src/stm32l4xx_ll_utils.o
 .group         0x0000000000000000        0xc Drivers/STM32L4xx_HAL_Driver/Src/stm32l4xx_ll_utils.o
 .group         0x0000000000000000        0xc Drivers/STM32L4xx_HAL_Driver/Src/stm32l4xx_ll_utils.o
 .text          0x0000000000000000        0x0 Drivers/STM32L4xx_HAL_Driver/Src/stm32l4xx_ll_utils.o
 .data          0x0000000000000000        0x0 Drivers/STM32L4xx_HAL_Driver/Src/stm32l4xx_ll_utils.o
 .bss           0x0000000000000000        0x0 Drivers/STM32L4xx_HAL_Driver/Src/stm32l4xx_ll_utils.o
 .text.LL_RCC_HSE_EnableBypass
                0x0000000000000000       0x20 Drivers/STM32L4xx_HAL_Driver/Src/stm32l4xx_ll_utils.o
 .text.LL_RCC_HSE_DisableBypass
                0x0000000000000000       0x20 Drivers/STM32L4xx_HAL_Driver/Src/stm32l4xx_ll_utils.o
 .text.LL_RCC_HSE_Enable
                0x0000000000000000       0x20 Drivers/STM32L4xx_HAL_Driver/Src/stm32l4xx_ll_utils.o
 .text.LL_RCC_HSE_IsReady
                0x0000000000000000       0x28 Drivers/STM32L4xx_HAL_Driver/Src/stm32l4xx_ll_utils.o
 .text.LL_RCC_HSI_Enable
                0x0000000000000000       0x20 Drivers/STM32L4xx_HAL_Driver/Src/stm32l4xx_ll_utils.o
 .text.LL_RCC_HSI_IsReady
                0x0000000000000000       0x28 Drivers/STM32L4xx_HAL_Driver/Src/stm32l4xx_ll_utils.o
 .text.LL_RCC_MSI_Enable
                0x0000000000000000       0x20 Drivers/STM32L4xx_HAL_Driver/Src/stm32l4xx_ll_utils.o
 .text.LL_RCC_MSI_IsReady
                0x0000000000000000       0x24 Drivers/STM32L4xx_HAL_Driver/Src/stm32l4xx_ll_utils.o
 .text.LL_RCC_MSI_IsEnabledRangeSelect
                0x0000000000000000       0x24 Drivers/STM32L4xx_HAL_Driver/Src/stm32l4xx_ll_utils.o
 .text.LL_RCC_MSI_GetRange
                0x0000000000000000       0x1c Drivers/STM32L4xx_HAL_Driver/Src/stm32l4xx_ll_utils.o
 .text.LL_RCC_MSI_GetRangeAfterStandby
                0x0000000000000000       0x1c Drivers/STM32L4xx_HAL_Driver/Src/stm32l4xx_ll_utils.o
 .text.LL_RCC_SetSysClkSource
                0x0000000000000000       0x28 Drivers/STM32L4xx_HAL_Driver/Src/stm32l4xx_ll_utils.o
 .text.LL_RCC_GetSysClkSource
                0x0000000000000000       0x1c Drivers/STM32L4xx_HAL_Driver/Src/stm32l4xx_ll_utils.o
 .text.LL_RCC_SetAHBPrescaler
                0x0000000000000000       0x28 Drivers/STM32L4xx_HAL_Driver/Src/stm32l4xx_ll_utils.o
 .text.LL_RCC_SetAPB1Prescaler
                0x0000000000000000       0x28 Drivers/STM32L4xx_HAL_Driver/Src/stm32l4xx_ll_utils.o
 .text.LL_RCC_SetAPB2Prescaler
                0x0000000000000000       0x28 Drivers/STM32L4xx_HAL_Driver/Src/stm32l4xx_ll_utils.o
 .text.LL_RCC_PLL_Enable
                0x0000000000000000       0x20 Drivers/STM32L4xx_HAL_Driver/Src/stm32l4xx_ll_utils.o
 .text.LL_RCC_PLL_IsReady
                0x0000000000000000       0x28 Drivers/STM32L4xx_HAL_Driver/Src/stm32l4xx_ll_utils.o
 .text.LL_RCC_PLL_ConfigDomain_SYS
                0x0000000000000000       0x40 Drivers/STM32L4xx_HAL_Driver/Src/stm32l4xx_ll_utils.o
 .text.LL_RCC_PLL_EnableDomain_SYS
                0x0000000000000000       0x20 Drivers/STM32L4xx_HAL_Driver/Src/stm32l4xx_ll_utils.o
 .text.LL_RCC_PLLSAI1_IsReady
                0x0000000000000000       0x28 Drivers/STM32L4xx_HAL_Driver/Src/stm32l4xx_ll_utils.o
 .text.LL_RCC_PLLSAI2_IsReady
                0x0000000000000000       0x28 Drivers/STM32L4xx_HAL_Driver/Src/stm32l4xx_ll_utils.o
 .text.LL_FLASH_SetLatency
                0x0000000000000000       0x28 Drivers/STM32L4xx_HAL_Driver/Src/stm32l4xx_ll_utils.o
 .text.LL_FLASH_GetLatency
                0x0000000000000000       0x1c Drivers/STM32L4xx_HAL_Driver/Src/stm32l4xx_ll_utils.o
 .text.LL_PWR_GetRegulVoltageScaling
                0x0000000000000000       0x1c Drivers/STM32L4xx_HAL_Driver/Src/stm32l4xx_ll_utils.o
 .text.LL_SetSystemCoreClock
                0x0000000000000000       0x20 Drivers/STM32L4xx_HAL_Driver/Src/stm32l4xx_ll_utils.o
 .text.LL_SetFlashLatency
                0x0000000000000000       0xe4 Drivers/STM32L4xx_HAL_Driver/Src/stm32l4xx_ll_utils.o
 .text.LL_PLL_ConfigSystemClock_MSI
                0x0000000000000000       0xe8 Drivers/STM32L4xx_HAL_Driver/Src/stm32l4xx_ll_utils.o
 .text.LL_PLL_ConfigSystemClock_HSI
                0x0000000000000000       0x6c Drivers/STM32L4xx_HAL_Driver/Src/stm32l4xx_ll_utils.o
 .text.LL_PLL_ConfigSystemClock_HSE
                0x0000000000000000       0x7a Drivers/STM32L4xx_HAL_Driver/Src/stm32l4xx_ll_utils.o
 .text.UTILS_GetPLLOutputFrequency
                0x0000000000000000       0x4a Drivers/STM32L4xx_HAL_Driver/Src/stm32l4xx_ll_utils.o
 .text.UTILS_PLL_IsBusy
                0x0000000000000000       0x3e Drivers/STM32L4xx_HAL_Driver/Src/stm32l4xx_ll_utils.o
 .text.UTILS_EnablePLLAndSwitchSystem
                0x0000000000000000       0xb4 Drivers/STM32L4xx_HAL_Driver/Src/stm32l4xx_ll_utils.o
 .debug_macro   0x0000000000000000      0xaa8 Drivers/STM32L4xx_HAL_Driver/Src/stm32l4xx_ll_utils.o
 .debug_macro   0x0000000000000000       0x2e Drivers/STM32L4xx_HAL_Driver/Src/stm32l4xx_ll_utils.o
 .debug_macro   0x0000000000000000       0x28 Drivers/STM32L4xx_HAL_Driver/Src/stm32l4xx_ll_utils.o
 .debug_macro   0x0000000000000000       0x22 Drivers/STM32L4xx_HAL_Driver/Src/stm32l4xx_ll_utils.o
 .debug_macro   0x0000000000000000       0x8e Drivers/STM32L4xx_HAL_Driver/Src/stm32l4xx_ll_utils.o
 .debug_macro   0x0000000000000000       0x51 Drivers/STM32L4xx_HAL_Driver/Src/stm32l4xx_ll_utils.o
 .debug_macro   0x0000000000000000       0xef Drivers/STM32L4xx_HAL_Driver/Src/stm32l4xx_ll_utils.o
 .debug_macro   0x0000000000000000       0x6a Drivers/STM32L4xx_HAL_Driver/Src/stm32l4xx_ll_utils.o
 .debug_macro   0x0000000000000000      0x1df Drivers/STM32L4xx_HAL_Driver/Src/stm32l4xx_ll_utils.o
 .debug_macro   0x0000000000000000       0x1c Drivers/STM32L4xx_HAL_Driver/Src/stm32l4xx_ll_utils.o
 .debug_macro   0x0000000000000000       0x22 Drivers/STM32L4xx_HAL_Driver/Src/stm32l4xx_ll_utils.o
 .debug_macro   0x0000000000000000      0x101 Drivers/STM32L4xx_HAL_Driver/Src/stm32l4xx_ll_utils.o
 .debug_macro   0x0000000000000000     0x1011 Drivers/STM32L4xx_HAL_Driver/Src/stm32l4xx_ll_utils.o
 .debug_macro   0x0000000000000000      0x11f Drivers/STM32L4xx_HAL_Driver/Src/stm32l4xx_ll_utils.o
 .debug_macro   0x0000000000000000    0x1a13d Drivers/STM32L4xx_HAL_Driver/Src/stm32l4xx_ll_utils.o
 .debug_macro   0x0000000000000000       0x43 Drivers/STM32L4xx_HAL_Driver/Src/stm32l4xx_ll_utils.o
 .debug_macro   0x0000000000000000      0x716 Drivers/STM32L4xx_HAL_Driver/Src/stm32l4xx_ll_utils.o
 .debug_macro   0x0000000000000000      0x2f5 Drivers/STM32L4xx_HAL_Driver/Src/stm32l4xx_ll_utils.o
 .debug_macro   0x0000000000000000      0x208 Drivers/STM32L4xx_HAL_Driver/Src/stm32l4xx_ll_utils.o
 .text          0x0000000000000000        0x0 c:/st/stm32cubeide_1.4.0/stm32cubeide/plugins/com.st.stm32cube.ide.mcu.externaltools.gnu-tools-for-stm32.7-2018-q2-update.win32_1.4.0.202007081208/tools/bin/../lib/gcc/arm-none-eabi/7.3.1/../../../../arm-none-eabi/lib/thumb/v7e-m/fpv4-sp/hard\libc_nano.a(lib_a-errno.o)
 .data          0x0000000000000000        0x0 c:/st/stm32cubeide_1.4.0/stm32cubeide/plugins/com.st.stm32cube.ide.mcu.externaltools.gnu-tools-for-stm32.7-2018-q2-update.win32_1.4.0.202007081208/tools/bin/../lib/gcc/arm-none-eabi/7.3.1/../../../../arm-none-eabi/lib/thumb/v7e-m/fpv4-sp/hard\libc_nano.a(lib_a-errno.o)
 .bss           0x0000000000000000        0x0 c:/st/stm32cubeide_1.4.0/stm32cubeide/plugins/com.st.stm32cube.ide.mcu.externaltools.gnu-tools-for-stm32.7-2018-q2-update.win32_1.4.0.202007081208/tools/bin/../lib/gcc/arm-none-eabi/7.3.1/../../../../arm-none-eabi/lib/thumb/v7e-m/fpv4-sp/hard\libc_nano.a(lib_a-errno.o)
 .text.__errno  0x0000000000000000        0xc c:/st/stm32cubeide_1.4.0/stm32cubeide/plugins/com.st.stm32cube.ide.mcu.externaltools.gnu-tools-for-stm32.7-2018-q2-update.win32_1.4.0.202007081208/tools/bin/../lib/gcc/arm-none-eabi/7.3.1/../../../../arm-none-eabi/lib/thumb/v7e-m/fpv4-sp/hard\libc_nano.a(lib_a-errno.o)
 .debug_frame   0x0000000000000000       0x20 c:/st/stm32cubeide_1.4.0/stm32cubeide/plugins/com.st.stm32cube.ide.mcu.externaltools.gnu-tools-for-stm32.7-2018-q2-update.win32_1.4.0.202007081208/tools/bin/../lib/gcc/arm-none-eabi/7.3.1/../../../../arm-none-eabi/lib/thumb/v7e-m/fpv4-sp/hard\libc_nano.a(lib_a-errno.o)
 .ARM.attributes
                0x0000000000000000       0x34 c:/st/stm32cubeide_1.4.0/stm32cubeide/plugins/com.st.stm32cube.ide.mcu.externaltools.gnu-tools-for-stm32.7-2018-q2-update.win32_1.4.0.202007081208/tools/bin/../lib/gcc/arm-none-eabi/7.3.1/../../../../arm-none-eabi/lib/thumb/v7e-m/fpv4-sp/hard\libc_nano.a(lib_a-errno.o)
 .text          0x0000000000000000        0x0 c:/st/stm32cubeide_1.4.0/stm32cubeide/plugins/com.st.stm32cube.ide.mcu.externaltools.gnu-tools-for-stm32.7-2018-q2-update.win32_1.4.0.202007081208/tools/bin/../lib/gcc/arm-none-eabi/7.3.1/../../../../arm-none-eabi/lib/thumb/v7e-m/fpv4-sp/hard\libc_nano.a(lib_a-exit.o)
 .data          0x0000000000000000        0x0 c:/st/stm32cubeide_1.4.0/stm32cubeide/plugins/com.st.stm32cube.ide.mcu.externaltools.gnu-tools-for-stm32.7-2018-q2-update.win32_1.4.0.202007081208/tools/bin/../lib/gcc/arm-none-eabi/7.3.1/../../../../arm-none-eabi/lib/thumb/v7e-m/fpv4-sp/hard\libc_nano.a(lib_a-exit.o)
 .bss           0x0000000000000000        0x0 c:/st/stm32cubeide_1.4.0/stm32cubeide/plugins/com.st.stm32cube.ide.mcu.externaltools.gnu-tools-for-stm32.7-2018-q2-update.win32_1.4.0.202007081208/tools/bin/../lib/gcc/arm-none-eabi/7.3.1/../../../../arm-none-eabi/lib/thumb/v7e-m/fpv4-sp/hard\libc_nano.a(lib_a-exit.o)
 .text.exit     0x0000000000000000       0x28 c:/st/stm32cubeide_1.4.0/stm32cubeide/plugins/com.st.stm32cube.ide.mcu.externaltools.gnu-tools-for-stm32.7-2018-q2-update.win32_1.4.0.202007081208/tools/bin/../lib/gcc/arm-none-eabi/7.3.1/../../../../arm-none-eabi/lib/thumb/v7e-m/fpv4-sp/hard\libc_nano.a(lib_a-exit.o)
 .debug_frame   0x0000000000000000       0x28 c:/st/stm32cubeide_1.4.0/stm32cubeide/plugins/com.st.stm32cube.ide.mcu.externaltools.gnu-tools-for-stm32.7-2018-q2-update.win32_1.4.0.202007081208/tools/bin/../lib/gcc/arm-none-eabi/7.3.1/../../../../arm-none-eabi/lib/thumb/v7e-m/fpv4-sp/hard\libc_nano.a(lib_a-exit.o)
 .ARM.attributes
                0x0000000000000000       0x34 c:/st/stm32cubeide_1.4.0/stm32cubeide/plugins/com.st.stm32cube.ide.mcu.externaltools.gnu-tools-for-stm32.7-2018-q2-update.win32_1.4.0.202007081208/tools/bin/../lib/gcc/arm-none-eabi/7.3.1/../../../../arm-none-eabi/lib/thumb/v7e-m/fpv4-sp/hard\libc_nano.a(lib_a-exit.o)
 .text          0x0000000000000000        0x0 c:/st/stm32cubeide_1.4.0/stm32cubeide/plugins/com.st.stm32cube.ide.mcu.externaltools.gnu-tools-for-stm32.7-2018-q2-update.win32_1.4.0.202007081208/tools/bin/../lib/gcc/arm-none-eabi/7.3.1/../../../../arm-none-eabi/lib/thumb/v7e-m/fpv4-sp/hard\libc_nano.a(lib_a-impure.o)
 .data          0x0000000000000000        0x0 c:/st/stm32cubeide_1.4.0/stm32cubeide/plugins/com.st.stm32cube.ide.mcu.externaltools.gnu-tools-for-stm32.7-2018-q2-update.win32_1.4.0.202007081208/tools/bin/../lib/gcc/arm-none-eabi/7.3.1/../../../../arm-none-eabi/lib/thumb/v7e-m/fpv4-sp/hard\libc_nano.a(lib_a-impure.o)
 .bss           0x0000000000000000        0x0 c:/st/stm32cubeide_1.4.0/stm32cubeide/plugins/com.st.stm32cube.ide.mcu.externaltools.gnu-tools-for-stm32.7-2018-q2-update.win32_1.4.0.202007081208/tools/bin/../lib/gcc/arm-none-eabi/7.3.1/../../../../arm-none-eabi/lib/thumb/v7e-m/fpv4-sp/hard\libc_nano.a(lib_a-impure.o)
 .data._impure_ptr
                0x0000000000000000        0x4 c:/st/stm32cubeide_1.4.0/stm32cubeide/plugins/com.st.stm32cube.ide.mcu.externaltools.gnu-tools-for-stm32.7-2018-q2-update.win32_1.4.0.202007081208/tools/bin/../lib/gcc/arm-none-eabi/7.3.1/../../../../arm-none-eabi/lib/thumb/v7e-m/fpv4-sp/hard\libc_nano.a(lib_a-impure.o)
 .data.impure_data
                0x0000000000000000       0x60 c:/st/stm32cubeide_1.4.0/stm32cubeide/plugins/com.st.stm32cube.ide.mcu.externaltools.gnu-tools-for-stm32.7-2018-q2-update.win32_1.4.0.202007081208/tools/bin/../lib/gcc/arm-none-eabi/7.3.1/../../../../arm-none-eabi/lib/thumb/v7e-m/fpv4-sp/hard\libc_nano.a(lib_a-impure.o)
 .rodata._global_impure_ptr
                0x0000000000000000        0x4 c:/st/stm32cubeide_1.4.0/stm32cubeide/plugins/com.st.stm32cube.ide.mcu.externaltools.gnu-tools-for-stm32.7-2018-q2-update.win32_1.4.0.202007081208/tools/bin/../lib/gcc/arm-none-eabi/7.3.1/../../../../arm-none-eabi/lib/thumb/v7e-m/fpv4-sp/hard\libc_nano.a(lib_a-impure.o)
 .ARM.attributes
                0x0000000000000000       0x34 c:/st/stm32cubeide_1.4.0/stm32cubeide/plugins/com.st.stm32cube.ide.mcu.externaltools.gnu-tools-for-stm32.7-2018-q2-update.win32_1.4.0.202007081208/tools/bin/../lib/gcc/arm-none-eabi/7.3.1/../../../../arm-none-eabi/lib/thumb/v7e-m/fpv4-sp/hard\libc_nano.a(lib_a-impure.o)
 .text          0x0000000000000000        0x0 c:/st/stm32cubeide_1.4.0/stm32cubeide/plugins/com.st.stm32cube.ide.mcu.externaltools.gnu-tools-for-stm32.7-2018-q2-update.win32_1.4.0.202007081208/tools/bin/../lib/gcc/arm-none-eabi/7.3.1/../../../../arm-none-eabi/lib/thumb/v7e-m/fpv4-sp/hard\libc_nano.a(lib_a-init.o)
 .data          0x0000000000000000        0x0 c:/st/stm32cubeide_1.4.0/stm32cubeide/plugins/com.st.stm32cube.ide.mcu.externaltools.gnu-tools-for-stm32.7-2018-q2-update.win32_1.4.0.202007081208/tools/bin/../lib/gcc/arm-none-eabi/7.3.1/../../../../arm-none-eabi/lib/thumb/v7e-m/fpv4-sp/hard\libc_nano.a(lib_a-init.o)
 .bss           0x0000000000000000        0x0 c:/st/stm32cubeide_1.4.0/stm32cubeide/plugins/com.st.stm32cube.ide.mcu.externaltools.gnu-tools-for-stm32.7-2018-q2-update.win32_1.4.0.202007081208/tools/bin/../lib/gcc/arm-none-eabi/7.3.1/../../../../arm-none-eabi/lib/thumb/v7e-m/fpv4-sp/hard\libc_nano.a(lib_a-init.o)
 .text          0x0000000000000000        0x0 c:/st/stm32cubeide_1.4.0/stm32cubeide/plugins/com.st.stm32cube.ide.mcu.externaltools.gnu-tools-for-stm32.7-2018-q2-update.win32_1.4.0.202007081208/tools/bin/../lib/gcc/arm-none-eabi/7.3.1/../../../../arm-none-eabi/lib/thumb/v7e-m/fpv4-sp/hard\libc_nano.a(lib_a-memset.o)
 .data          0x0000000000000000        0x0 c:/st/stm32cubeide_1.4.0/stm32cubeide/plugins/com.st.stm32cube.ide.mcu.externaltools.gnu-tools-for-stm32.7-2018-q2-update.win32_1.4.0.202007081208/tools/bin/../lib/gcc/arm-none-eabi/7.3.1/../../../../arm-none-eabi/lib/thumb/v7e-m/fpv4-sp/hard\libc_nano.a(lib_a-memset.o)
 .bss           0x0000000000000000        0x0 c:/st/stm32cubeide_1.4.0/stm32cubeide/plugins/com.st.stm32cube.ide.mcu.externaltools.gnu-tools-for-stm32.7-2018-q2-update.win32_1.4.0.202007081208/tools/bin/../lib/gcc/arm-none-eabi/7.3.1/../../../../arm-none-eabi/lib/thumb/v7e-m/fpv4-sp/hard\libc_nano.a(lib_a-memset.o)
 .text.memset   0x0000000000000000       0x10 c:/st/stm32cubeide_1.4.0/stm32cubeide/plugins/com.st.stm32cube.ide.mcu.externaltools.gnu-tools-for-stm32.7-2018-q2-update.win32_1.4.0.202007081208/tools/bin/../lib/gcc/arm-none-eabi/7.3.1/../../../../arm-none-eabi/lib/thumb/v7e-m/fpv4-sp/hard\libc_nano.a(lib_a-memset.o)
 .debug_frame   0x0000000000000000       0x20 c:/st/stm32cubeide_1.4.0/stm32cubeide/plugins/com.st.stm32cube.ide.mcu.externaltools.gnu-tools-for-stm32.7-2018-q2-update.win32_1.4.0.202007081208/tools/bin/../lib/gcc/arm-none-eabi/7.3.1/../../../../arm-none-eabi/lib/thumb/v7e-m/fpv4-sp/hard\libc_nano.a(lib_a-memset.o)
 .ARM.attributes
                0x0000000000000000       0x34 c:/st/stm32cubeide_1.4.0/stm32cubeide/plugins/com.st.stm32cube.ide.mcu.externaltools.gnu-tools-for-stm32.7-2018-q2-update.win32_1.4.0.202007081208/tools/bin/../lib/gcc/arm-none-eabi/7.3.1/../../../../arm-none-eabi/lib/thumb/v7e-m/fpv4-sp/hard\libc_nano.a(lib_a-memset.o)
 .text          0x0000000000000000        0x0 c:/st/stm32cubeide_1.4.0/stm32cubeide/plugins/com.st.stm32cube.ide.mcu.externaltools.gnu-tools-for-stm32.7-2018-q2-update.win32_1.4.0.202007081208/tools/bin/../lib/gcc/arm-none-eabi/7.3.1/thumb/v7e-m/fpv4-sp/hard/crtend.o
 .data          0x0000000000000000        0x0 c:/st/stm32cubeide_1.4.0/stm32cubeide/plugins/com.st.stm32cube.ide.mcu.externaltools.gnu-tools-for-stm32.7-2018-q2-update.win32_1.4.0.202007081208/tools/bin/../lib/gcc/arm-none-eabi/7.3.1/thumb/v7e-m/fpv4-sp/hard/crtend.o
 .bss           0x0000000000000000        0x0 c:/st/stm32cubeide_1.4.0/stm32cubeide/plugins/com.st.stm32cube.ide.mcu.externaltools.gnu-tools-for-stm32.7-2018-q2-update.win32_1.4.0.202007081208/tools/bin/../lib/gcc/arm-none-eabi/7.3.1/thumb/v7e-m/fpv4-sp/hard/crtend.o
 .eh_frame      0x0000000000000000        0x4 c:/st/stm32cubeide_1.4.0/stm32cubeide/plugins/com.st.stm32cube.ide.mcu.externaltools.gnu-tools-for-stm32.7-2018-q2-update.win32_1.4.0.202007081208/tools/bin/../lib/gcc/arm-none-eabi/7.3.1/thumb/v7e-m/fpv4-sp/hard/crtend.o
 .ARM.attributes
                0x0000000000000000       0x34 c:/st/stm32cubeide_1.4.0/stm32cubeide/plugins/com.st.stm32cube.ide.mcu.externaltools.gnu-tools-for-stm32.7-2018-q2-update.win32_1.4.0.202007081208/tools/bin/../lib/gcc/arm-none-eabi/7.3.1/thumb/v7e-m/fpv4-sp/hard/crtend.o
 .text          0x0000000000000000        0x0 c:/st/stm32cubeide_1.4.0/stm32cubeide/plugins/com.st.stm32cube.ide.mcu.externaltools.gnu-tools-for-stm32.7-2018-q2-update.win32_1.4.0.202007081208/tools/bin/../lib/gcc/arm-none-eabi/7.3.1/thumb/v7e-m/fpv4-sp/hard/crtn.o
 .data          0x0000000000000000        0x0 c:/st/stm32cubeide_1.4.0/stm32cubeide/plugins/com.st.stm32cube.ide.mcu.externaltools.gnu-tools-for-stm32.7-2018-q2-update.win32_1.4.0.202007081208/tools/bin/../lib/gcc/arm-none-eabi/7.3.1/thumb/v7e-m/fpv4-sp/hard/crtn.o
 .bss           0x0000000000000000        0x0 c:/st/stm32cubeide_1.4.0/stm32cubeide/plugins/com.st.stm32cube.ide.mcu.externaltools.gnu-tools-for-stm32.7-2018-q2-update.win32_1.4.0.202007081208/tools/bin/../lib/gcc/arm-none-eabi/7.3.1/thumb/v7e-m/fpv4-sp/hard/crtn.o

Memory Configuration

Name             Origin             Length             Attributes
RAM              0x0000000020000000 0x0000000000018000 xrw
RAM2             0x0000000010000000 0x0000000000008000 xrw
FLASH            0x0000000008000000 0x0000000000100000 xr
*default*        0x0000000000000000 0xffffffffffffffff

Linker script and memory map

LOAD c:/st/stm32cubeide_1.4.0/stm32cubeide/plugins/com.st.stm32cube.ide.mcu.externaltools.gnu-tools-for-stm32.7-2018-q2-update.win32_1.4.0.202007081208/tools/bin/../lib/gcc/arm-none-eabi/7.3.1/thumb/v7e-m/fpv4-sp/hard/crti.o
LOAD c:/st/stm32cubeide_1.4.0/stm32cubeide/plugins/com.st.stm32cube.ide.mcu.externaltools.gnu-tools-for-stm32.7-2018-q2-update.win32_1.4.0.202007081208/tools/bin/../lib/gcc/arm-none-eabi/7.3.1/thumb/v7e-m/fpv4-sp/hard/crtbegin.o
LOAD c:/st/stm32cubeide_1.4.0/stm32cubeide/plugins/com.st.stm32cube.ide.mcu.externaltools.gnu-tools-for-stm32.7-2018-q2-update.win32_1.4.0.202007081208/tools/bin/../lib/gcc/arm-none-eabi/7.3.1/../../../../arm-none-eabi/lib/thumb/v7e-m/fpv4-sp/hard/crt0.o
LOAD Core/Src/gpio.o
LOAD Core/Src/main.o
LOAD Core/Src/stm32l4xx_it.o
LOAD Core/Src/syscalls.o
LOAD Core/Src/sysmem.o
LOAD Core/Src/system_stm32l4xx.o
LOAD Core/Startup/startup_stm32l476rgtx.o
LOAD Drivers/STM32L4xx_HAL_Driver/Src/stm32l4xx_ll_exti.o
LOAD Drivers/STM32L4xx_HAL_Driver/Src/stm32l4xx_ll_gpio.o
LOAD Drivers/STM32L4xx_HAL_Driver/Src/stm32l4xx_ll_pwr.o
LOAD Drivers/STM32L4xx_HAL_Driver/Src/stm32l4xx_ll_utils.o
START GROUP
LOAD c:/st/stm32cubeide_1.4.0/stm32cubeide/plugins/com.st.stm32cube.ide.mcu.externaltools.gnu-tools-for-stm32.7-2018-q2-update.win32_1.4.0.202007081208/tools/bin/../lib/gcc/arm-none-eabi/7.3.1/../../../../arm-none-eabi/lib/thumb/v7e-m/fpv4-sp/hard\libc_nano.a
LOAD c:/st/stm32cubeide_1.4.0/stm32cubeide/plugins/com.st.stm32cube.ide.mcu.externaltools.gnu-tools-for-stm32.7-2018-q2-update.win32_1.4.0.202007081208/tools/bin/../lib/gcc/arm-none-eabi/7.3.1/../../../../arm-none-eabi/lib/thumb/v7e-m/fpv4-sp/hard\libm.a
END GROUP
START GROUP
LOAD c:/st/stm32cubeide_1.4.0/stm32cubeide/plugins/com.st.stm32cube.ide.mcu.externaltools.gnu-tools-for-stm32.7-2018-q2-update.win32_1.4.0.202007081208/tools/bin/../lib/gcc/arm-none-eabi/7.3.1/thumb/v7e-m/fpv4-sp/hard\libgcc.a
LOAD c:/st/stm32cubeide_1.4.0/stm32cubeide/plugins/com.st.stm32cube.ide.mcu.externaltools.gnu-tools-for-stm32.7-2018-q2-update.win32_1.4.0.202007081208/tools/bin/../lib/gcc/arm-none-eabi/7.3.1/../../../../arm-none-eabi/lib/thumb/v7e-m/fpv4-sp/hard\libc_nano.a
END GROUP
START GROUP
LOAD c:/st/stm32cubeide_1.4.0/stm32cubeide/plugins/com.st.stm32cube.ide.mcu.externaltools.gnu-tools-for-stm32.7-2018-q2-update.win32_1.4.0.202007081208/tools/bin/../lib/gcc/arm-none-eabi/7.3.1/thumb/v7e-m/fpv4-sp/hard\libgcc.a
LOAD c:/st/stm32cubeide_1.4.0/stm32cubeide/plugins/com.st.stm32cube.ide.mcu.externaltools.gnu-tools-for-stm32.7-2018-q2-update.win32_1.4.0.202007081208/tools/bin/../lib/gcc/arm-none-eabi/7.3.1/../../../../arm-none-eabi/lib/thumb/v7e-m/fpv4-sp/hard\libc_nano.a
LOAD c:/st/stm32cubeide_1.4.0/stm32cubeide/plugins/com.st.stm32cube.ide.mcu.externaltools.gnu-tools-for-stm32.7-2018-q2-update.win32_1.4.0.202007081208/tools/bin/../lib/gcc/arm-none-eabi/7.3.1/../../../../arm-none-eabi/lib/thumb/v7e-m/fpv4-sp/hard\libnosys.a
END GROUP
START GROUP
LOAD c:/st/stm32cubeide_1.4.0/stm32cubeide/plugins/com.st.stm32cube.ide.mcu.externaltools.gnu-tools-for-stm32.7-2018-q2-update.win32_1.4.0.202007081208/tools/bin/../lib/gcc/arm-none-eabi/7.3.1/thumb/v7e-m/fpv4-sp/hard\libgcc.a
LOAD c:/st/stm32cubeide_1.4.0/stm32cubeide/plugins/com.st.stm32cube.ide.mcu.externaltools.gnu-tools-for-stm32.7-2018-q2-update.win32_1.4.0.202007081208/tools/bin/../lib/gcc/arm-none-eabi/7.3.1/../../../../arm-none-eabi/lib/thumb/v7e-m/fpv4-sp/hard\libc_nano.a
LOAD c:/st/stm32cubeide_1.4.0/stm32cubeide/plugins/com.st.stm32cube.ide.mcu.externaltools.gnu-tools-for-stm32.7-2018-q2-update.win32_1.4.0.202007081208/tools/bin/../lib/gcc/arm-none-eabi/7.3.1/../../../../arm-none-eabi/lib/thumb/v7e-m/fpv4-sp/hard\libnosys.a
END GROUP
LOAD c:/st/stm32cubeide_1.4.0/stm32cubeide/plugins/com.st.stm32cube.ide.mcu.externaltools.gnu-tools-for-stm32.7-2018-q2-update.win32_1.4.0.202007081208/tools/bin/../lib/gcc/arm-none-eabi/7.3.1/thumb/v7e-m/fpv4-sp/hard/crtend.o
LOAD c:/st/stm32cubeide_1.4.0/stm32cubeide/plugins/com.st.stm32cube.ide.mcu.externaltools.gnu-tools-for-stm32.7-2018-q2-update.win32_1.4.0.202007081208/tools/bin/../lib/gcc/arm-none-eabi/7.3.1/thumb/v7e-m/fpv4-sp/hard/crtn.o
                0x0000000020018000                _estack = (ORIGIN (RAM) + LENGTH (RAM))
                0x0000000000000200                _Min_Heap_Size = 0x200
                0x0000000000000400                _Min_Stack_Size = 0x400

.isr_vector     0x0000000008000000      0x188
                0x0000000008000000                . = ALIGN (0x4)
 *(.isr_vector)
 .isr_vector    0x0000000008000000      0x188 Core/Startup/startup_stm32l476rgtx.o
                0x0000000008000000                g_pfnVectors
                0x0000000008000188                . = ALIGN (0x4)

.text           0x0000000008000188      0x814
                0x0000000008000188                . = ALIGN (0x4)
 *(.text)
 .text          0x0000000008000188       0x40 c:/st/stm32cubeide_1.4.0/stm32cubeide/plugins/com.st.stm32cube.ide.mcu.externaltools.gnu-tools-for-stm32.7-2018-q2-update.win32_1.4.0.202007081208/tools/bin/../lib/gcc/arm-none-eabi/7.3.1/thumb/v7e-m/fpv4-sp/hard/crtbegin.o
 *(.text*)
 .text.LL_AHB2_GRP1_EnableClock
                0x00000000080001c8       0x30 Core/Src/gpio.o
 .text.LL_GPIO_SetPinMode
                0x00000000080001f8       0x7a Core/Src/gpio.o
 .text.LL_GPIO_SetPinOutputType
                0x0000000008000272       0x30 Core/Src/gpio.o
 .text.LL_GPIO_IsInputPinSet
                0x00000000080002a2       0x2a Core/Src/gpio.o
 .text.LL_GPIO_SetOutputPin
                0x00000000080002cc       0x1c Core/Src/gpio.o
 .text.LL_GPIO_ResetOutputPin
                0x00000000080002e8       0x1c Core/Src/gpio.o
 .text.GPIO_init
                0x0000000008000304       0x3c Core/Src/gpio.o
                0x0000000008000304                GPIO_init
 .text.LED_GREEN
                0x0000000008000340       0x2c Core/Src/gpio.o
                0x0000000008000340                LED_GREEN
 .text.BLUE_BUTTON
                0x000000000800036c       0x24 Core/Src/gpio.o
                0x000000000800036c                BLUE_BUTTON
 .text.LL_RCC_MSI_Enable
                0x0000000008000390       0x20 Core/Src/main.o
 .text.LL_RCC_MSI_IsReady
                0x00000000080003b0       0x24 Core/Src/main.o
 .text.LL_RCC_SetSysClkSource
                0x00000000080003d4       0x28 Core/Src/main.o
 .text.LL_RCC_GetSysClkSource
                0x00000000080003fc       0x1c Core/Src/main.o
 .text.LL_RCC_SetAHBPrescaler
                0x0000000008000418       0x28 Core/Src/main.o
 .text.LL_RCC_SetAPB1Prescaler
                0x0000000008000440       0x28 Core/Src/main.o
 .text.LL_RCC_SetAPB2Prescaler
                0x0000000008000468       0x28 Core/Src/main.o
 .text.LL_RCC_PLL_Enable
                0x0000000008000490       0x20 Core/Src/main.o
 .text.LL_RCC_PLL_IsReady
                0x00000000080004b0       0x28 Core/Src/main.o
 .text.LL_RCC_PLL_ConfigDomain_SYS
                0x00000000080004d8       0x40 Core/Src/main.o
 .text.LL_RCC_PLL_EnableDomain_SYS
                0x0000000008000518       0x20 Core/Src/main.o
 .text.LL_FLASH_SetLatency
                0x0000000008000538       0x28 Core/Src/main.o
 .text.main     0x0000000008000560       0x48 Core/Src/main.o
                0x0000000008000560                main
 .text.SystemClock_Config
                0x00000000080005a8       0x66 Core/Src/main.o
                0x00000000080005a8                SystemClock_Config
 .text.NMI_Handler
                0x000000000800060e        0xe Core/Src/stm32l4xx_it.o
                0x000000000800060e                NMI_Handler
 .text.HardFault_Handler
                0x000000000800061c        0x6 Core/Src/stm32l4xx_it.o
                0x000000000800061c                HardFault_Handler
 .text.MemManage_Handler
                0x0000000008000622        0x6 Core/Src/stm32l4xx_it.o
                0x0000000008000622                MemManage_Handler
 .text.BusFault_Handler
                0x0000000008000628        0x6 Core/Src/stm32l4xx_it.o
                0x0000000008000628                BusFault_Handler
 .text.UsageFault_Handler
                0x000000000800062e        0x6 Core/Src/stm32l4xx_it.o
                0x000000000800062e                UsageFault_Handler
 .text.SVC_Handler
                0x0000000008000634        0xe Core/Src/stm32l4xx_it.o
                0x0000000008000634                SVC_Handler
 .text.DebugMon_Handler
                0x0000000008000642        0xe Core/Src/stm32l4xx_it.o
                0x0000000008000642                DebugMon_Handler
 .text.PendSV_Handler
                0x0000000008000650        0xe Core/Src/stm32l4xx_it.o
                0x0000000008000650                PendSV_Handler
 .text.SysTick_Handler
                0x000000000800065e        0xe Core/Src/stm32l4xx_it.o
                0x000000000800065e                SysTick_Handler
 .text.SystemInit
                0x000000000800066c       0x6c Core/Src/system_stm32l4xx.o
                0x000000000800066c                SystemInit
 .text.SystemCoreClockUpdate
                0x00000000080006d8      0x174 Core/Src/system_stm32l4xx.o
                0x00000000080006d8                SystemCoreClockUpdate
 .text.Reset_Handler
                0x000000000800084c       0x50 Core/Startup/startup_stm32l476rgtx.o
                0x000000000800084c                Reset_Handler
 .text.Default_Handler
                0x000000000800089c        0x2 Core/Startup/startup_stm32l476rgtx.o
                0x000000000800089c                RTC_Alarm_IRQHandler
                0x000000000800089c                EXTI2_IRQHandler
                0x000000000800089c                TIM8_TRG_COM_IRQHandler
                0x000000000800089c                TIM8_CC_IRQHandler
                0x000000000800089c                TIM1_CC_IRQHandler
                0x000000000800089c                TSC_IRQHandler
                0x000000000800089c                TAMP_STAMP_IRQHandler
                0x000000000800089c                EXTI3_IRQHandler
                0x000000000800089c                LPTIM2_IRQHandler
                0x000000000800089c                DFSDM1_FLT1_IRQHandler
                0x000000000800089c                I2C3_ER_IRQHandler
                0x000000000800089c                DFSDM1_FLT2_IRQHandler
                0x000000000800089c                EXTI0_IRQHandler
                0x000000000800089c                I2C2_EV_IRQHandler
                0x000000000800089c                CAN1_RX0_IRQHandler
                0x000000000800089c                FPU_IRQHandler
                0x000000000800089c                TIM1_UP_TIM16_IRQHandler
                0x000000000800089c                ADC1_2_IRQHandler
                0x000000000800089c                SPI1_IRQHandler
                0x000000000800089c                TIM6_DAC_IRQHandler
                0x000000000800089c                TIM8_UP_IRQHandler
                0x000000000800089c                DMA2_Channel2_IRQHandler
                0x000000000800089c                DMA1_Channel4_IRQHandler
                0x000000000800089c                SAI2_IRQHandler
                0x000000000800089c                DFSDM1_FLT3_IRQHandler
                0x000000000800089c                USART3_IRQHandler
                0x000000000800089c                DMA1_Channel7_IRQHandler
                0x000000000800089c                CAN1_RX1_IRQHandler
                0x000000000800089c                LCD_IRQHandler
                0x000000000800089c                UART5_IRQHandler
                0x000000000800089c                ADC3_IRQHandler
                0x000000000800089c                TIM4_IRQHandler
                0x000000000800089c                DMA2_Channel1_IRQHandler
                0x000000000800089c                QUADSPI_IRQHandler
                0x000000000800089c                I2C1_EV_IRQHandler
                0x000000000800089c                DMA1_Channel6_IRQHandler
                0x000000000800089c                UART4_IRQHandler
                0x000000000800089c                DMA2_Channel4_IRQHandler
                0x000000000800089c                TIM3_IRQHandler
                0x000000000800089c                RCC_IRQHandler
                0x000000000800089c                DMA1_Channel1_IRQHandler
                0x000000000800089c                Default_Handler
                0x000000000800089c                DMA2_Channel7_IRQHandler
                0x000000000800089c                EXTI15_10_IRQHandler
                0x000000000800089c                TIM7_IRQHandler
                0x000000000800089c                SDMMC1_IRQHandler
                0x000000000800089c                TIM5_IRQHandler
                0x000000000800089c                I2C3_EV_IRQHandler
                0x000000000800089c                EXTI9_5_IRQHandler
                0x000000000800089c                RTC_WKUP_IRQHandler
                0x000000000800089c                PVD_PVM_IRQHandler
                0x000000000800089c                SPI2_IRQHandler
                0x000000000800089c                CAN1_TX_IRQHandler
                0x000000000800089c                DMA2_Channel5_IRQHandler
                0x000000000800089c                DMA1_Channel5_IRQHandler
                0x000000000800089c                EXTI4_IRQHandler
                0x000000000800089c                RNG_IRQHandler
                0x000000000800089c                TIM1_TRG_COM_TIM17_IRQHandler
                0x000000000800089c                DMA1_Channel3_IRQHandler
                0x000000000800089c                COMP_IRQHandler
                0x000000000800089c                WWDG_IRQHandler
                0x000000000800089c                LPUART1_IRQHandler
                0x000000000800089c                DMA2_Channel6_IRQHandler
                0x000000000800089c                TIM2_IRQHandler
                0x000000000800089c                EXTI1_IRQHandler
                0x000000000800089c                USART2_IRQHandler
                0x000000000800089c                DFSDM1_FLT0_IRQHandler
                0x000000000800089c                I2C2_ER_IRQHandler
                0x000000000800089c                DMA1_Channel2_IRQHandler
                0x000000000800089c                TIM8_BRK_IRQHandler
                0x000000000800089c                CAN1_SCE_IRQHandler
                0x000000000800089c                FLASH_IRQHandler
                0x000000000800089c                USART1_IRQHandler
                0x000000000800089c                OTG_FS_IRQHandler
                0x000000000800089c                SPI3_IRQHandler
                0x000000000800089c                I2C1_ER_IRQHandler
                0x000000000800089c                FMC_IRQHandler
                0x000000000800089c                SWPMI1_IRQHandler
                0x000000000800089c                LPTIM1_IRQHandler
                0x000000000800089c                SAI1_IRQHandler
                0x000000000800089c                DMA2_Channel3_IRQHandler
                0x000000000800089c                TIM1_BRK_TIM15_IRQHandler
 *fill*         0x000000000800089e        0x2 
 .text.LL_InitTick
                0x00000000080008a0       0x34 Drivers/STM32L4xx_HAL_Driver/Src/stm32l4xx_ll_utils.o
 .text.LL_Init1msTick
                0x00000000080008d4       0x1a Drivers/STM32L4xx_HAL_Driver/Src/stm32l4xx_ll_utils.o
                0x00000000080008d4                LL_Init1msTick
 *fill*         0x00000000080008ee        0x2 
 .text.LL_mDelay
                0x00000000080008f0       0x4c Drivers/STM32L4xx_HAL_Driver/Src/stm32l4xx_ll_utils.o
                0x00000000080008f0                LL_mDelay
 .text.__libc_init_array
                0x000000000800093c       0x48 c:/st/stm32cubeide_1.4.0/stm32cubeide/plugins/com.st.stm32cube.ide.mcu.externaltools.gnu-tools-for-stm32.7-2018-q2-update.win32_1.4.0.202007081208/tools/bin/../lib/gcc/arm-none-eabi/7.3.1/../../../../arm-none-eabi/lib/thumb/v7e-m/fpv4-sp/hard\libc_nano.a(lib_a-init.o)
                0x000000000800093c                __libc_init_array
 *(.glue_7)
 .glue_7        0x0000000008000984        0x0 linker stubs
 *(.glue_7t)
 .glue_7t       0x0000000008000984        0x0 linker stubs
 *(.eh_frame)
 .eh_frame      0x0000000008000984        0x0 c:/st/stm32cubeide_1.4.0/stm32cubeide/plugins/com.st.stm32cube.ide.mcu.externaltools.gnu-tools-for-stm32.7-2018-q2-update.win32_1.4.0.202007081208/tools/bin/../lib/gcc/arm-none-eabi/7.3.1/thumb/v7e-m/fpv4-sp/hard/crtbegin.o
 *(.init)
 .init          0x0000000008000984        0x4 c:/st/stm32cubeide_1.4.0/stm32cubeide/plugins/com.st.stm32cube.ide.mcu.externaltools.gnu-tools-for-stm32.7-2018-q2-update.win32_1.4.0.202007081208/tools/bin/../lib/gcc/arm-none-eabi/7.3.1/thumb/v7e-m/fpv4-sp/hard/crti.o
                0x0000000008000984                _init
 .init          0x0000000008000988        0x8 c:/st/stm32cubeide_1.4.0/stm32cubeide/plugins/com.st.stm32cube.ide.mcu.externaltools.gnu-tools-for-stm32.7-2018-q2-update.win32_1.4.0.202007081208/tools/bin/../lib/gcc/arm-none-eabi/7.3.1/thumb/v7e-m/fpv4-sp/hard/crtn.o
 *(.fini)
 .fini          0x0000000008000990        0x4 c:/st/stm32cubeide_1.4.0/stm32cubeide/plugins/com.st.stm32cube.ide.mcu.externaltools.gnu-tools-for-stm32.7-2018-q2-update.win32_1.4.0.202007081208/tools/bin/../lib/gcc/arm-none-eabi/7.3.1/thumb/v7e-m/fpv4-sp/hard/crti.o
                0x0000000008000990                _fini
 .fini          0x0000000008000994        0x8 c:/st/stm32cubeide_1.4.0/stm32cubeide/plugins/com.st.stm32cube.ide.mcu.externaltools.gnu-tools-for-stm32.7-2018-q2-update.win32_1.4.0.202007081208/tools/bin/../lib/gcc/arm-none-eabi/7.3.1/thumb/v7e-m/fpv4-sp/hard/crtn.o
                0x000000000800099c                . = ALIGN (0x4)
                0x000000000800099c                _etext = .

.vfp11_veneer   0x000000000800099c        0x0
 .vfp11_veneer  0x000000000800099c        0x0 linker stubs

.v4_bx          0x000000000800099c        0x0
 .v4_bx         0x000000000800099c        0x0 linker stubs

.iplt           0x000000000800099c        0x0
 .iplt          0x000000000800099c        0x0 c:/st/stm32cubeide_1.4.0/stm32cubeide/plugins/com.st.stm32cube.ide.mcu.externaltools.gnu-tools-for-stm32.7-2018-q2-update.win32_1.4.0.202007081208/tools/bin/../lib/gcc/arm-none-eabi/7.3.1/thumb/v7e-m/fpv4-sp/hard/crtbegin.o

.rodata         0x000000000800099c       0x40
                0x000000000800099c                . = ALIGN (0x4)
 *(.rodata)
 *(.rodata*)
 .rodata.AHBPrescTable
                0x000000000800099c       0x10 Core/Src/system_stm32l4xx.o
                0x000000000800099c                AHBPrescTable
 .rodata.MSIRangeTable
                0x00000000080009ac       0x30 Core/Src/system_stm32l4xx.o
                0x00000000080009ac                MSIRangeTable
                0x00000000080009dc                . = ALIGN (0x4)

.rel.dyn        0x00000000080009dc        0x0
 .rel.iplt      0x00000000080009dc        0x0 c:/st/stm32cubeide_1.4.0/stm32cubeide/plugins/com.st.stm32cube.ide.mcu.externaltools.gnu-tools-for-stm32.7-2018-q2-update.win32_1.4.0.202007081208/tools/bin/../lib/gcc/arm-none-eabi/7.3.1/thumb/v7e-m/fpv4-sp/hard/crtbegin.o

.ARM.extab      0x00000000080009dc        0x0
                0x00000000080009dc                . = ALIGN (0x4)
 *(.ARM.extab* .gnu.linkonce.armextab.*)
                0x00000000080009dc                . = ALIGN (0x4)

.ARM            0x00000000080009dc        0x0
                0x00000000080009dc                . = ALIGN (0x4)
                0x00000000080009dc                __exidx_start = .
 *(.ARM.exidx*)
                0x00000000080009dc                __exidx_end = .
                0x00000000080009dc                . = ALIGN (0x4)

.preinit_array  0x00000000080009dc        0x0
                0x00000000080009dc                . = ALIGN (0x4)
                0x00000000080009dc                PROVIDE (__preinit_array_start = .)
 *(.preinit_array*)
                0x00000000080009dc                PROVIDE (__preinit_array_end = .)
                0x00000000080009dc                . = ALIGN (0x4)

.init_array     0x00000000080009dc        0x4
                0x00000000080009dc                . = ALIGN (0x4)
                0x00000000080009dc                PROVIDE (__init_array_start = .)
 *(SORT_BY_NAME(.init_array.*))
 *(.init_array*)
 .init_array    0x00000000080009dc        0x4 c:/st/stm32cubeide_1.4.0/stm32cubeide/plugins/com.st.stm32cube.ide.mcu.externaltools.gnu-tools-for-stm32.7-2018-q2-update.win32_1.4.0.202007081208/tools/bin/../lib/gcc/arm-none-eabi/7.3.1/thumb/v7e-m/fpv4-sp/hard/crtbegin.o
                0x00000000080009e0                PROVIDE (__init_array_end = .)
                0x00000000080009e0                . = ALIGN (0x4)

.fini_array     0x00000000080009e0        0x4
                0x00000000080009e0                . = ALIGN (0x4)
                [!provide]                        PROVIDE (__fini_array_start = .)
 *(SORT_BY_NAME(.fini_array.*))
 *(.fini_array*)
 .fini_array    0x00000000080009e0        0x4 c:/st/stm32cubeide_1.4.0/stm32cubeide/plugins/com.st.stm32cube.ide.mcu.externaltools.gnu-tools-for-stm32.7-2018-q2-update.win32_1.4.0.202007081208/tools/bin/../lib/gcc/arm-none-eabi/7.3.1/thumb/v7e-m/fpv4-sp/hard/crtbegin.o
                [!provide]                        PROVIDE (__fini_array_end = .)
                0x00000000080009e4                . = ALIGN (0x4)
                0x00000000080009e4                _sidata = LOADADDR (.data)

.data           0x0000000020000000        0x4 load address 0x00000000080009e4
                0x0000000020000000                . = ALIGN (0x4)
                0x0000000020000000                _sdata = .
 *(.data)
 *(.data*)
 .data.SystemCoreClock
                0x0000000020000000        0x4 Core/Src/system_stm32l4xx.o
                0x0000000020000000                SystemCoreClock
                0x0000000020000004                . = ALIGN (0x4)
                0x0000000020000004                _edata = .

.igot.plt       0x0000000020000004        0x0 load address 0x00000000080009e8
 .igot.plt      0x0000000020000004        0x0 c:/st/stm32cubeide_1.4.0/stm32cubeide/plugins/com.st.stm32cube.ide.mcu.externaltools.gnu-tools-for-stm32.7-2018-q2-update.win32_1.4.0.202007081208/tools/bin/../lib/gcc/arm-none-eabi/7.3.1/thumb/v7e-m/fpv4-sp/hard/crtbegin.o
                0x0000000020000004                . = ALIGN (0x4)

.bss            0x0000000020000004       0x1c load address 0x00000000080009e8
                0x0000000020000004                _sbss = .
                0x0000000020000004                __bss_start__ = _sbss
 *(.bss)
 .bss           0x0000000020000004       0x1c c:/st/stm32cubeide_1.4.0/stm32cubeide/plugins/com.st.stm32cube.ide.mcu.externaltools.gnu-tools-for-stm32.7-2018-q2-update.win32_1.4.0.202007081208/tools/bin/../lib/gcc/arm-none-eabi/7.3.1/thumb/v7e-m/fpv4-sp/hard/crtbegin.o
 *(.bss*)
 *(COMMON)
                0x0000000020000020                . = ALIGN (0x4)
                0x0000000020000020                _ebss = .
                0x0000000020000020                __bss_end__ = _ebss

._user_heap_stack
                0x0000000020000020      0x600 load address 0x00000000080009e8
                0x0000000020000020                . = ALIGN (0x8)
                [!provide]                        PROVIDE (end = .)
                0x0000000020000020                PROVIDE (_end = .)
                0x0000000020000220                . = (. + _Min_Heap_Size)
 *fill*         0x0000000020000020      0x200 
                0x0000000020000620                . = (. + _Min_Stack_Size)
 *fill*         0x0000000020000220      0x400 
                0x0000000020000620                . = ALIGN (0x8)

/DISCARD/
 libc.a(*)
 libm.a(*)
 libgcc.a(*)

.ARM.attributes
                0x0000000000000000       0x30
 *(.ARM.attributes)
 .ARM.attributes
                0x0000000000000000       0x22 c:/st/stm32cubeide_1.4.0/stm32cubeide/plugins/com.st.stm32cube.ide.mcu.externaltools.gnu-tools-for-stm32.7-2018-q2-update.win32_1.4.0.202007081208/tools/bin/../lib/gcc/arm-none-eabi/7.3.1/thumb/v7e-m/fpv4-sp/hard/crti.o
 .ARM.attributes
                0x0000000000000022       0x34 c:/st/stm32cubeide_1.4.0/stm32cubeide/plugins/com.st.stm32cube.ide.mcu.externaltools.gnu-tools-for-stm32.7-2018-q2-update.win32_1.4.0.202007081208/tools/bin/../lib/gcc/arm-none-eabi/7.3.1/thumb/v7e-m/fpv4-sp/hard/crtbegin.o
 .ARM.attributes
                0x0000000000000056       0x39 Core/Src/gpio.o
 .ARM.attributes
                0x000000000000008f       0x39 Core/Src/main.o
 .ARM.attributes
                0x00000000000000c8       0x39 Core/Src/stm32l4xx_it.o
 .ARM.attributes
                0x0000000000000101       0x39 Core/Src/system_stm32l4xx.o
 .ARM.attributes
                0x000000000000013a       0x21 Core/Startup/startup_stm32l476rgtx.o
 .ARM.attributes
                0x000000000000015b       0x39 Drivers/STM32L4xx_HAL_Driver/Src/stm32l4xx_ll_utils.o
 .ARM.attributes
                0x0000000000000194       0x34 c:/st/stm32cubeide_1.4.0/stm32cubeide/plugins/com.st.stm32cube.ide.mcu.externaltools.gnu-tools-for-stm32.7-2018-q2-update.win32_1.4.0.202007081208/tools/bin/../lib/gcc/arm-none-eabi/7.3.1/../../../../arm-none-eabi/lib/thumb/v7e-m/fpv4-sp/hard\libc_nano.a(lib_a-init.o)
 .ARM.attributes
                0x00000000000001c8       0x22 c:/st/stm32cubeide_1.4.0/stm32cubeide/plugins/com.st.stm32cube.ide.mcu.externaltools.gnu-tools-for-stm32.7-2018-q2-update.win32_1.4.0.202007081208/tools/bin/../lib/gcc/arm-none-eabi/7.3.1/thumb/v7e-m/fpv4-sp/hard/crtn.o
OUTPUT(L476_ats_blink-master.elf elf32-littlearm)

.debug_info     0x0000000000000000     0x206d
 .debug_info    0x0000000000000000      0x682 Core/Src/gpio.o
 .debug_info    0x0000000000000682      0x5fd Core/Src/main.o
 .debug_info    0x0000000000000c7f      0x1f7 Core/Src/stm32l4xx_it.o
 .debug_info    0x0000000000000e76      0x5b4 Core/Src/system_stm32l4xx.o
 .debug_info    0x000000000000142a       0x22 Core/Startup/startup_stm32l476rgtx.o
 .debug_info    0x000000000000144c      0xc21 Drivers/STM32L4xx_HAL_Driver/Src/stm32l4xx_ll_utils.o

.debug_abbrev   0x0000000000000000      0x74a
 .debug_abbrev  0x0000000000000000      0x1ee Core/Src/gpio.o
 .debug_abbrev  0x00000000000001ee      0x13b Core/Src/main.o
 .debug_abbrev  0x0000000000000329       0xa3 Core/Src/stm32l4xx_it.o
 .debug_abbrev  0x00000000000003cc      0x134 Core/Src/system_stm32l4xx.o
 .debug_abbrev  0x0000000000000500       0x12 Core/Startup/startup_stm32l476rgtx.o
 .debug_abbrev  0x0000000000000512      0x238 Drivers/STM32L4xx_HAL_Driver/Src/stm32l4xx_ll_utils.o

.debug_aranges  0x0000000000000000      0x2d0
 .debug_aranges
                0x0000000000000000       0x60 Core/Src/gpio.o
 .debug_aranges
                0x0000000000000060       0x88 Core/Src/main.o
 .debug_aranges
                0x00000000000000e8       0x60 Core/Src/stm32l4xx_it.o
 .debug_aranges
                0x0000000000000148       0x28 Core/Src/system_stm32l4xx.o
 .debug_aranges
                0x0000000000000170       0x28 Core/Startup/startup_stm32l476rgtx.o
 .debug_aranges
                0x0000000000000198      0x138 Drivers/STM32L4xx_HAL_Driver/Src/stm32l4xx_ll_utils.o

.debug_ranges   0x0000000000000000      0x278
 .debug_ranges  0x0000000000000000       0x50 Core/Src/gpio.o
 .debug_ranges  0x0000000000000050       0x78 Core/Src/main.o
 .debug_ranges  0x00000000000000c8       0x50 Core/Src/stm32l4xx_it.o
 .debug_ranges  0x0000000000000118       0x18 Core/Src/system_stm32l4xx.o
 .debug_ranges  0x0000000000000130       0x20 Core/Startup/startup_stm32l476rgtx.o
 .debug_ranges  0x0000000000000150      0x128 Drivers/STM32L4xx_HAL_Driver/Src/stm32l4xx_ll_utils.o

.debug_macro    0x0000000000000000    0x1e117
 .debug_macro   0x0000000000000000      0x102 Core/Src/gpio.o
 .debug_macro   0x0000000000000102      0xaa8 Core/Src/gpio.o
 .debug_macro   0x0000000000000baa       0x2e Core/Src/gpio.o
 .debug_macro   0x0000000000000bd8       0x28 Core/Src/gpio.o
 .debug_macro   0x0000000000000c00       0x22 Core/Src/gpio.o
 .debug_macro   0x0000000000000c22       0x8e Core/Src/gpio.o
 .debug_macro   0x0000000000000cb0       0x51 Core/Src/gpio.o
 .debug_macro   0x0000000000000d01       0xef Core/Src/gpio.o
 .debug_macro   0x0000000000000df0       0x6a Core/Src/gpio.o
 .debug_macro   0x0000000000000e5a      0x1df Core/Src/gpio.o
 .debug_macro   0x0000000000001039       0x1c Core/Src/gpio.o
 .debug_macro   0x0000000000001055       0x22 Core/Src/gpio.o
 .debug_macro   0x0000000000001077      0x101 Core/Src/gpio.o
 .debug_macro   0x0000000000001178     0x1011 Core/Src/gpio.o
 .debug_macro   0x0000000000002189      0x11f Core/Src/gpio.o
 .debug_macro   0x00000000000022a8    0x1a13d Core/Src/gpio.o
 .debug_macro   0x000000000001c3e5       0x43 Core/Src/gpio.o
 .debug_macro   0x000000000001c428      0x1b9 Core/Src/gpio.o
 .debug_macro   0x000000000001c5e1      0x16a Core/Src/gpio.o
 .debug_macro   0x000000000001c74b      0x105 Core/Src/main.o
 .debug_macro   0x000000000001c850      0x716 Core/Src/main.o
 .debug_macro   0x000000000001cf66      0x2f5 Core/Src/main.o
 .debug_macro   0x000000000001d25b       0xa7 Core/Src/main.o
 .debug_macro   0x000000000001d302      0x142 Core/Src/stm32l4xx_it.o
 .debug_macro   0x000000000001d444      0x1bf Core/Src/stm32l4xx_it.o
 .debug_macro   0x000000000001d603      0x164 Core/Src/stm32l4xx_it.o
 .debug_macro   0x000000000001d767      0x1a7 Core/Src/stm32l4xx_it.o
 .debug_macro   0x000000000001d90e      0x208 Core/Src/stm32l4xx_it.o
 .debug_macro   0x000000000001db16      0x2cb Core/Src/stm32l4xx_it.o
 .debug_macro   0x000000000001dde1       0x22 Core/Src/stm32l4xx_it.o
 .debug_macro   0x000000000001de03       0xd4 Core/Src/system_stm32l4xx.o
 .debug_macro   0x000000000001ded7      0x19f Drivers/STM32L4xx_HAL_Driver/Src/stm32l4xx_ll_utils.o
 .debug_macro   0x000000000001e076       0xa1 Drivers/STM32L4xx_HAL_Driver/Src/stm32l4xx_ll_utils.o

.debug_line     0x0000000000000000     0x1fee
 .debug_line    0x0000000000000000      0x58c Core/Src/gpio.o
 .debug_line    0x000000000000058c      0x62f Core/Src/main.o
 .debug_line    0x0000000000000bbb      0x624 Core/Src/stm32l4xx_it.o
 .debug_line    0x00000000000011df      0x496 Core/Src/system_stm32l4xx.o
 .debug_line    0x0000000000001675       0x87 Core/Startup/startup_stm32l476rgtx.o
 .debug_line    0x00000000000016fc      0x8f2 Drivers/STM32L4xx_HAL_Driver/Src/stm32l4xx_ll_utils.o

.debug_str      0x0000000000000000    0xa94c9
 .debug_str     0x0000000000000000    0x9f8ba Core/Src/gpio.o
                                      0x9fa7d (size before relaxing)
 .debug_str     0x000000000009f8ba     0x541a Core/Src/main.o
                                      0xa4d32 (size before relaxing)
 .debug_str     0x00000000000a4cd4     0x384b Core/Src/stm32l4xx_it.o
                                      0xa826a (size before relaxing)
 .debug_str     0x00000000000a851f       0xd3 Core/Src/system_stm32l4xx.o
                                      0x9e65f (size before relaxing)
 .debug_str     0x00000000000a85f2       0x36 Core/Startup/startup_stm32l476rgtx.o
                                         0xb0 (size before relaxing)
 .debug_str     0x00000000000a8628      0xea1 Drivers/STM32L4xx_HAL_Driver/Src/stm32l4xx_ll_utils.o
                                      0xa5325 (size before relaxing)

.comment        0x0000000000000000       0x7b
 .comment       0x0000000000000000       0x7b Core/Src/gpio.o
                                         0x7c (size before relaxing)
 .comment       0x000000000000007b       0x7c Core/Src/main.o
 .comment       0x000000000000007b       0x7c Core/Src/stm32l4xx_it.o
 .comment       0x000000000000007b       0x7c Core/Src/system_stm32l4xx.o
 .comment       0x000000000000007b       0x7c Drivers/STM32L4xx_HAL_Driver/Src/stm32l4xx_ll_utils.o

.debug_frame    0x0000000000000000      0x9e4
 .debug_frame   0x0000000000000000      0x15c Core/Src/gpio.o
 .debug_frame   0x000000000000015c      0x1f8 Core/Src/main.o
 .debug_frame   0x0000000000000354      0x110 Core/Src/stm32l4xx_it.o
 .debug_frame   0x0000000000000464       0x58 Core/Src/system_stm32l4xx.o
 .debug_frame   0x00000000000004bc      0x4fc Drivers/STM32L4xx_HAL_Driver/Src/stm32l4xx_ll_utils.o
 .debug_frame   0x00000000000009b8       0x2c c:/st/stm32cubeide_1.4.0/stm32cubeide/plugins/com.st.stm32cube.ide.mcu.externaltools.gnu-tools-for-stm32.7-2018-q2-update.win32_1.4.0.202007081208/tools/bin/../lib/gcc/arm-none-eabi/7.3.1/../../../../arm-none-eabi/lib/thumb/v7e-m/fpv4-sp/hard\libc_nano.a(lib_a-init.o)
